<html>
<body>
<pre>
<h1>礦ision Build Log</h1>
<h2>Project:</h2>
E:\FreeRTOS\5、任务管理(中断的方式实现任务恢复)\Project\RVMDK(uv4)\ISO_Template.uvproj
Project File Date:  01/10/2017

<h2>Output:</h2>
Build target 'ISO_Template'
compiling usart1.c...
usart1.c: Error:  #5: cannot open source input file "..\..\HardWare\bsp_usart1\usart1.c": No such file or directory
"..\..\Output\ISO_Template.axf" - 1 Errors, 0 Warning(s).
Target not created
Build target 'ISO_Template'
linking...
..\..\Output\ISO_Template.axf: Error: L6218E: Undefined symbol USART1_Configuration (referred from board.o).
"..\..\Output\ISO_Template.axf" - 1 Errors, 0 Warning(s).
Target not created
Build target 'ISO_Template'
compiling board.c...
..\..\Task\bsp_task_led\task_led.h(17): warning:  #1-D: last line of file ends without a newline
..\..\HardWare\bsp_led\led.h(17): warning:  #1-D: last line of file ends without a newline
..\..\User\bsp_board\board.h(16): warning:  #1-D: last line of file ends without a newline
..\..\HardWare\bsp_key\key.h(19): warning:  #1-D: last line of file ends without a newline
..\..\Task\bsp_task_key\task_key.h(17): warning:  #1-D: last line of file ends without a newline
..\..\User\bsp_bitband\bitband.h(63): warning:  #1-D: last line of file ends without a newline
..\..\User\bsp_delay\delay.h(17): warning:  #1-D: last line of file ends without a newline
..\..\User\bsp_includes\includes.h(45): error:  #5: cannot open source input file "usart1.h": No such file or directory
"..\..\Output\ISO_Template.axf" - 1 Errors, 7 Warning(s).
Target not created
Build target 'ISO_Template'
compiling core_cm3.c...
compiling system_stm32f10x.c...
compiling misc.c...
compiling stm32f10x_adc.c...
compiling stm32f10x_bkp.c...
compiling stm32f10x_can.c...
compiling stm32f10x_cec.c...
compiling stm32f10x_crc.c...
compiling stm32f10x_dac.c...
compiling stm32f10x_dbgmcu.c...
compiling stm32f10x_dma.c...
compiling stm32f10x_exti.c...
compiling stm32f10x_flash.c...
compiling stm32f10x_fsmc.c...
compiling stm32f10x_gpio.c...
compiling stm32f10x_i2c.c...
compiling stm32f10x_iwdg.c...
compiling stm32f10x_pwr.c...
compiling stm32f10x_rcc.c...
compiling stm32f10x_rtc.c...
compiling stm32f10x_sdio.c...
compiling stm32f10x_spi.c...
compiling stm32f10x_tim.c...
compiling stm32f10x_usart.c...
compiling stm32f10x_wwdg.c...
compiling main.c...
..\..\Task\bsp_task_led\task_led.h(17): warning:  #1-D: last line of file ends without a newline
..\..\HardWare\bsp_led\led.h(17): warning:  #1-D: last line of file ends without a newline
..\..\User\bsp_board\board.h(16): warning:  #1-D: last line of file ends without a newline
..\..\HardWare\bsp_key\key.h(19): warning:  #1-D: last line of file ends without a newline
..\..\Task\bsp_task_key\task_key.h(17): warning:  #1-D: last line of file ends without a newline
..\..\User\bsp_bitband\bitband.h(63): warning:  #1-D: last line of file ends without a newline
..\..\User\bsp_delay\delay.h(17): warning:  #1-D: last line of file ends without a newline
..\..\User\bsp_includes\includes.h(45): error:  #5: cannot open source input file "usart1.h": No such file or directory
compiling stm32f10x_it.c...
..\..\Task\bsp_task_led\task_led.h(17): warning:  #1-D: last line of file ends without a newline
..\..\HardWare\bsp_led\led.h(17): warning:  #1-D: last line of file ends without a newline
..\..\User\bsp_board\board.h(16): warning:  #1-D: last line of file ends without a newline
..\..\HardWare\bsp_key\key.h(19): warning:  #1-D: last line of file ends without a newline
..\..\Task\bsp_task_key\task_key.h(17): warning:  #1-D: last line of file ends without a newline
..\..\User\bsp_bitband\bitband.h(63): warning:  #1-D: last line of file ends without a newline
..\..\User\bsp_delay\delay.h(17): warning:  #1-D: last line of file ends without a newline
..\..\User\bsp_includes\includes.h(45): error:  #5: cannot open source input file "usart1.h": No such file or directory
compiling board.c...
..\..\Task\bsp_task_led\task_led.h(17): warning:  #1-D: last line of file ends without a newline
..\..\HardWare\bsp_led\led.h(17): warning:  #1-D: last line of file ends without a newline
..\..\User\bsp_board\board.h(16): warning:  #1-D: last line of file ends without a newline
..\..\HardWare\bsp_key\key.h(19): warning:  #1-D: last line of file ends without a newline
..\..\Task\bsp_task_key\task_key.h(17): warning:  #1-D: last line of file ends without a newline
..\..\User\bsp_bitband\bitband.h(63): warning:  #1-D: last line of file ends without a newline
..\..\User\bsp_delay\delay.h(17): warning:  #1-D: last line of file ends without a newline
..\..\User\bsp_includes\includes.h(45): error:  #5: cannot open source input file "usart1.h": No such file or directory
compiling delay.c...
..\..\Task\bsp_task_led\task_led.h(17): warning:  #1-D: last line of file ends without a newline
..\..\HardWare\bsp_led\led.h(17): warning:  #1-D: last line of file ends without a newline
..\..\User\bsp_board\board.h(16): warning:  #1-D: last line of file ends without a newline
..\..\HardWare\bsp_key\key.h(19): warning:  #1-D: last line of file ends without a newline
..\..\Task\bsp_task_key\task_key.h(17): warning:  #1-D: last line of file ends without a newline
..\..\User\bsp_bitband\bitband.h(63): warning:  #1-D: last line of file ends without a newline
..\..\User\bsp_delay\delay.h(17): warning:  #1-D: last line of file ends without a newline
..\..\User\bsp_includes\includes.h(45): error:  #5: cannot open source input file "usart1.h": No such file or directory
compiling croutine.c...
compiling event_groups.c...
compiling list.c...
compiling queue.c...
compiling tasks.c...
compiling timers.c...
compiling heap_4.c...
compiling port.c...
compiling led.c...
..\..\HardWare\bsp_led\led.h(17): warning:  #1-D: last line of file ends without a newline
..\..\HardWare\bsp_led\led.c(29): warning:  #1-D: last line of file ends without a newline
compiling key.c...
..\..\Task\bsp_task_led\task_led.h(17): warning:  #1-D: last line of file ends without a newline
..\..\HardWare\bsp_led\led.h(17): warning:  #1-D: last line of file ends without a newline
..\..\User\bsp_board\board.h(16): warning:  #1-D: last line of file ends without a newline
..\..\HardWare\bsp_key\key.h(19): warning:  #1-D: last line of file ends without a newline
..\..\Task\bsp_task_key\task_key.h(17): warning:  #1-D: last line of file ends without a newline
..\..\User\bsp_bitband\bitband.h(63): warning:  #1-D: last line of file ends without a newline
..\..\User\bsp_delay\delay.h(17): warning:  #1-D: last line of file ends without a newline
..\..\User\bsp_includes\includes.h(45): error:  #5: cannot open source input file "usart1.h": No such file or directory
compiling task_led.c...
..\..\Task\bsp_task_led\task_led.h(17): warning:  #1-D: last line of file ends without a newline
..\..\HardWare\bsp_led\led.h(17): warning:  #1-D: last line of file ends without a newline
..\..\User\bsp_board\board.h(16): warning:  #1-D: last line of file ends without a newline
..\..\HardWare\bsp_key\key.h(19): warning:  #1-D: last line of file ends without a newline
..\..\Task\bsp_task_key\task_key.h(17): warning:  #1-D: last line of file ends without a newline
..\..\User\bsp_bitband\bitband.h(63): warning:  #1-D: last line of file ends without a newline
..\..\User\bsp_delay\delay.h(17): warning:  #1-D: last line of file ends without a newline
..\..\User\bsp_includes\includes.h(45): error:  #5: cannot open source input file "usart1.h": No such file or directory
compiling task_key.c...
..\..\Task\bsp_task_led\task_led.h(17): warning:  #1-D: last line of file ends without a newline
..\..\HardWare\bsp_led\led.h(17): warning:  #1-D: last line of file ends without a newline
..\..\User\bsp_board\board.h(16): warning:  #1-D: last line of file ends without a newline
..\..\HardWare\bsp_key\key.h(19): warning:  #1-D: last line of file ends without a newline
..\..\Task\bsp_task_key\task_key.h(17): warning:  #1-D: last line of file ends without a newline
..\..\User\bsp_bitband\bitband.h(63): warning:  #1-D: last line of file ends without a newline
..\..\User\bsp_delay\delay.h(17): warning:  #1-D: last line of file ends without a newline
..\..\User\bsp_includes\includes.h(45): error:  #5: cannot open source input file "usart1.h": No such file or directory
"..\..\Output\ISO_Template.axf" - 7 Errors, 51 Warning(s).
Target not created
Build target 'ISO_Template'
compiling main.c...
..\..\Task\bsp_task_led\task_led.h(17): warning:  #1-D: last line of file ends without a newline
..\..\HardWare\bsp_led\led.h(17): warning:  #1-D: last line of file ends without a newline
..\..\User\bsp_board\board.h(16): warning:  #1-D: last line of file ends without a newline
..\..\HardWare\bsp_key\key.h(19): warning:  #1-D: last line of file ends without a newline
..\..\Task\bsp_task_key\task_key.h(17): warning:  #1-D: last line of file ends without a newline
..\..\User\bsp_bitband\bitband.h(63): warning:  #1-D: last line of file ends without a newline
..\..\User\bsp_delay\delay.h(17): warning:  #1-D: last line of file ends without a newline
..\..\User\bsp_includes\includes.h(47): warning:  #1-D: last line of file ends without a newline
compiling stm32f10x_it.c...
..\..\Task\bsp_task_led\task_led.h(17): warning:  #1-D: last line of file ends without a newline
..\..\HardWare\bsp_led\led.h(17): warning:  #1-D: last line of file ends without a newline
..\..\User\bsp_board\board.h(16): warning:  #1-D: last line of file ends without a newline
..\..\HardWare\bsp_key\key.h(19): warning:  #1-D: last line of file ends without a newline
..\..\Task\bsp_task_key\task_key.h(17): warning:  #1-D: last line of file ends without a newline
..\..\User\bsp_bitband\bitband.h(63): warning:  #1-D: last line of file ends without a newline
..\..\User\bsp_delay\delay.h(17): warning:  #1-D: last line of file ends without a newline
..\..\User\bsp_includes\includes.h(47): warning:  #1-D: last line of file ends without a newline
compiling board.c...
..\..\Task\bsp_task_led\task_led.h(17): warning:  #1-D: last line of file ends without a newline
..\..\HardWare\bsp_led\led.h(17): warning:  #1-D: last line of file ends without a newline
..\..\User\bsp_board\board.h(16): warning:  #1-D: last line of file ends without a newline
..\..\HardWare\bsp_key\key.h(19): warning:  #1-D: last line of file ends without a newline
..\..\Task\bsp_task_key\task_key.h(17): warning:  #1-D: last line of file ends without a newline
..\..\User\bsp_bitband\bitband.h(63): warning:  #1-D: last line of file ends without a newline
..\..\User\bsp_delay\delay.h(17): warning:  #1-D: last line of file ends without a newline
..\..\User\bsp_includes\includes.h(47): warning:  #1-D: last line of file ends without a newline
..\..\User\bsp_board\board.c(29): warning:  #1-D: last line of file ends without a newline
compiling delay.c...
..\..\Task\bsp_task_led\task_led.h(17): warning:  #1-D: last line of file ends without a newline
..\..\HardWare\bsp_led\led.h(17): warning:  #1-D: last line of file ends without a newline
..\..\User\bsp_board\board.h(16): warning:  #1-D: last line of file ends without a newline
..\..\HardWare\bsp_key\key.h(19): warning:  #1-D: last line of file ends without a newline
..\..\Task\bsp_task_key\task_key.h(17): warning:  #1-D: last line of file ends without a newline
..\..\User\bsp_bitband\bitband.h(63): warning:  #1-D: last line of file ends without a newline
..\..\User\bsp_delay\delay.h(17): warning:  #1-D: last line of file ends without a newline
..\..\User\bsp_includes\includes.h(47): warning:  #1-D: last line of file ends without a newline
..\..\User\bsp_delay\delay.c(24): warning:  #1-D: last line of file ends without a newline
compiling key.c...
..\..\Task\bsp_task_led\task_led.h(17): warning:  #1-D: last line of file ends without a newline
..\..\HardWare\bsp_led\led.h(17): warning:  #1-D: last line of file ends without a newline
..\..\User\bsp_board\board.h(16): warning:  #1-D: last line of file ends without a newline
..\..\HardWare\bsp_key\key.h(19): warning:  #1-D: last line of file ends without a newline
..\..\Task\bsp_task_key\task_key.h(17): warning:  #1-D: last line of file ends without a newline
..\..\User\bsp_bitband\bitband.h(63): warning:  #1-D: last line of file ends without a newline
..\..\User\bsp_delay\delay.h(17): warning:  #1-D: last line of file ends without a newline
..\..\User\bsp_includes\includes.h(47): warning:  #1-D: last line of file ends without a newline
..\..\HardWare\bsp_key\key.c(51): warning:  #940-D: missing return statement at end of non-void function "key1Scan"
..\..\HardWare\bsp_key\key.c(71): warning:  #1-D: last line of file ends without a newline
..\..\HardWare\bsp_key\key.c(71): warning:  #940-D: missing return statement at end of non-void function "key2Scan"
compiling task_led.c...
..\..\Task\bsp_task_led\task_led.h(17): warning:  #1-D: last line of file ends without a newline
..\..\HardWare\bsp_led\led.h(17): warning:  #1-D: last line of file ends without a newline
..\..\User\bsp_board\board.h(16): warning:  #1-D: last line of file ends without a newline
..\..\HardWare\bsp_key\key.h(19): warning:  #1-D: last line of file ends without a newline
..\..\Task\bsp_task_key\task_key.h(17): warning:  #1-D: last line of file ends without a newline
..\..\User\bsp_bitband\bitband.h(63): warning:  #1-D: last line of file ends without a newline
..\..\User\bsp_delay\delay.h(17): warning:  #1-D: last line of file ends without a newline
..\..\User\bsp_includes\includes.h(47): warning:  #1-D: last line of file ends without a newline
..\..\Task\bsp_task_led\task_led.c(64): warning:  #1-D: last line of file ends without a newline
compiling task_key.c...
..\..\Task\bsp_task_led\task_led.h(17): warning:  #1-D: last line of file ends without a newline
..\..\HardWare\bsp_led\led.h(17): warning:  #1-D: last line of file ends without a newline
..\..\User\bsp_board\board.h(16): warning:  #1-D: last line of file ends without a newline
..\..\HardWare\bsp_key\key.h(19): warning:  #1-D: last line of file ends without a newline
..\..\Task\bsp_task_key\task_key.h(17): warning:  #1-D: last line of file ends without a newline
..\..\User\bsp_bitband\bitband.h(63): warning:  #1-D: last line of file ends without a newline
..\..\User\bsp_delay\delay.h(17): warning:  #1-D: last line of file ends without a newline
..\..\User\bsp_includes\includes.h(47): warning:  #1-D: last line of file ends without a newline
..\..\Task\bsp_task_key\task_key.c(50): warning:  #1-D: last line of file ends without a newline
linking...
Program Size: Code=8272 RO-data=336 RW-data=140 ZI-data=18636  
FromELF: creating hex file...
"..\..\Output\ISO_Template.axf" - 0 Errors, 63 Warning(s).
Build target 'ISO_Template'
compiling board.c...
..\..\Task\bsp_task_led\task_led.h(17): warning:  #1-D: last line of file ends without a newline
..\..\HardWare\bsp_led\led.h(17): warning:  #1-D: last line of file ends without a newline
..\..\User\bsp_board\board.h(16): warning:  #1-D: last line of file ends without a newline
..\..\HardWare\bsp_key\key.h(19): warning:  #1-D: last line of file ends without a newline
..\..\Task\bsp_task_key\task_key.h(17): warning:  #1-D: last line of file ends without a newline
..\..\User\bsp_bitband\bitband.h(63): warning:  #1-D: last line of file ends without a newline
..\..\User\bsp_delay\delay.h(17): warning:  #1-D: last line of file ends without a newline
..\..\User\bsp_includes\includes.h(47): warning:  #1-D: last line of file ends without a newline
..\..\User\bsp_board\board.c(29): warning:  #1-D: last line of file ends without a newline
linking...
Program Size: Code=8272 RO-data=336 RW-data=140 ZI-data=18636  
FromELF: creating hex file...
"..\..\Output\ISO_Template.axf" - 0 Errors, 9 Warning(s).
Build target 'ISO_Template'
linking...
Program Size: Code=8272 RO-data=336 RW-data=140 ZI-data=18636  
FromELF: creating hex file...
"..\..\Output\ISO_Template.axf" - 0 Errors, 0 Warning(s).
Build target 'ISO_Template'
linking...
Program Size: Code=8272 RO-data=336 RW-data=140 ZI-data=18636  
FromELF: creating hex file...
"..\..\Output\ISO_Template.axf" - 0 Errors, 0 Warning(s).
Build target 'ISO_Template'
linking...
Program Size: Code=8272 RO-data=336 RW-data=140 ZI-data=18636  
FromELF: creating hex file...
"..\..\Output\ISO_Template.axf" - 0 Errors, 0 Warning(s).
Build target 'ISO_Template'
linking...
Program Size: Code=8272 RO-data=336 RW-data=140 ZI-data=18636  
FromELF: creating hex file...
"..\..\Output\ISO_Template.axf" - 0 Errors, 0 Warning(s).
Build target 'ISO_Template'
linking...
Program Size: Code=8272 RO-data=336 RW-data=140 ZI-data=18636  
FromELF: creating hex file...
"..\..\Output\ISO_Template.axf" - 0 Errors, 0 Warning(s).
Build target 'ISO_Template'
linking...
Program Size: Code=8272 RO-data=336 RW-data=140 ZI-data=18636  
FromELF: creating hex file...
"..\..\Output\ISO_Template.axf" - 0 Errors, 0 Warning(s).
Build target 'ISO_Template'
linking...
Program Size: Code=8272 RO-data=336 RW-data=140 ZI-data=18636  
FromELF: creating hex file...
"..\..\Output\ISO_Template.axf" - 0 Errors, 0 Warning(s).
Build target 'ISO_Template'
linking...
Program Size: Code=8272 RO-data=336 RW-data=140 ZI-data=18636  
FromELF: creating hex file...
"..\..\Output\ISO_Template.axf" - 0 Errors, 0 Warning(s).
