<html>
<body>
<pre>
<h1>礦ision Build Log</h1>
<h2>Project:</h2>
E:\FreeRTOS\6、任务栈溢出检测方法一\Project\RVMDK(uv4)\ISO_Template.uvproj
Project File Date:  01/08/2017

<h2>Output:</h2>
Build target 'ISO_Template'
assembling startup_stm32f10x_hd.s...
compiling core_cm3.c...
compiling system_stm32f10x.c...
compiling misc.c...
compiling stm32f10x_adc.c...
compiling stm32f10x_bkp.c...
compiling stm32f10x_can.c...
compiling stm32f10x_cec.c...
compiling stm32f10x_crc.c...
compiling stm32f10x_dac.c...
compiling stm32f10x_dbgmcu.c...
compiling stm32f10x_dma.c...
compiling stm32f10x_exti.c...
compiling stm32f10x_flash.c...
compiling stm32f10x_fsmc.c...
compiling stm32f10x_gpio.c...
compiling stm32f10x_i2c.c...
compiling stm32f10x_iwdg.c...
compiling stm32f10x_pwr.c...
compiling stm32f10x_rcc.c...
compiling stm32f10x_rtc.c...
compiling stm32f10x_sdio.c...
compiling stm32f10x_spi.c...
compiling stm32f10x_tim.c...
compiling stm32f10x_usart.c...
compiling stm32f10x_wwdg.c...
compiling main.c...
..\..\User\bsp_includes\includes.h(40): warning:  #1-D: last line of file ends without a newline
..\..\User\main.c(20): warning:  #1-D: last line of file ends without a newline
compiling stm32f10x_it.c...
compiling croutine.c...
compiling event_groups.c...
compiling list.c...
compiling queue.c...
compiling tasks.c...
compiling timers.c...
compiling heap_4.c...
compiling port.c...
linking...
Program Size: Code=5800 RO-data=336 RW-data=104 ZI-data=19240  
FromELF: creating hex file...
"..\..\Output\ISO_Template.axf" - 0 Errors, 2 Warning(s).
Build target 'ISO_Template'
linking...
Program Size: Code=5800 RO-data=336 RW-data=104 ZI-data=19240  
FromELF: creating hex file...
"..\..\Output\ISO_Template.axf" - 0 Errors, 0 Warning(s).
Build target 'ISO_Template'
compiling main.c...
..\..\User\bsp_includes\includes.h(40): warning:  #1-D: last line of file ends without a newline
..\..\User\main.c(20): warning:  #1-D: last line of file ends without a newline
linking...
Program Size: Code=5800 RO-data=336 RW-data=104 ZI-data=19240  
FromELF: creating hex file...
"..\..\Output\ISO_Template.axf" - 0 Errors, 2 Warning(s).
Build target 'ISO_Template'
linking...
Program Size: Code=5800 RO-data=336 RW-data=104 ZI-data=19240  
FromELF: creating hex file...
"..\..\Output\ISO_Template.axf" - 0 Errors, 0 Warning(s).
Build target 'ISO_Template'
compiling core_cm3.c...
compiling system_stm32f10x.c...
compiling misc.c...
compiling stm32f10x_adc.c...
compiling stm32f10x_bkp.c...
compiling stm32f10x_can.c...
compiling stm32f10x_cec.c...
compiling stm32f10x_crc.c...
compiling stm32f10x_dac.c...
compiling stm32f10x_dbgmcu.c...
compiling stm32f10x_dma.c...
compiling stm32f10x_exti.c...
compiling stm32f10x_flash.c...
compiling stm32f10x_fsmc.c...
compiling stm32f10x_gpio.c...
compiling stm32f10x_i2c.c...
compiling stm32f10x_iwdg.c...
compiling stm32f10x_pwr.c...
compiling stm32f10x_rcc.c...
compiling stm32f10x_rtc.c...
compiling stm32f10x_sdio.c...
compiling stm32f10x_spi.c...
compiling stm32f10x_tim.c...
compiling stm32f10x_usart.c...
compiling stm32f10x_wwdg.c...
compiling main.c...
..\..\HardWare\bsp_led\led.h(18): warning:  #1-D: last line of file ends without a newline
..\..\User\bsp_includes\includes.h(41): warning:  #1-D: last line of file ends without a newline
..\..\User\main.c(20): warning:  #1-D: last line of file ends without a newline
compiling stm32f10x_it.c...
compiling croutine.c...
compiling event_groups.c...
compiling list.c...
compiling queue.c...
compiling tasks.c...
compiling timers.c...
compiling heap_4.c...
compiling port.c...
compiling led.c...
..\..\HardWare\bsp_led\led.h(18): warning:  #1-D: last line of file ends without a newline
..\..\User\bsp_includes\includes.h(41): warning:  #1-D: last line of file ends without a newline
..\..\HardWare\bsp_led\led.c(35): warning:  #1-D: last line of file ends without a newline
linking...
Program Size: Code=5800 RO-data=336 RW-data=104 ZI-data=19240  
FromELF: creating hex file...
"..\..\Output\ISO_Template.axf" - 0 Errors, 6 Warning(s).
Build target 'ISO_Template'
compiling led.c...
..\..\HardWare\bsp_led\led.h(18): warning:  #1-D: last line of file ends without a newline
..\..\User\bsp_includes\includes.h(41): warning:  #1-D: last line of file ends without a newline
..\..\HardWare\bsp_led\led.c(35): warning:  #1-D: last line of file ends without a newline
linking...
Program Size: Code=5800 RO-data=336 RW-data=104 ZI-data=19240  
FromELF: creating hex file...
"..\..\Output\ISO_Template.axf" - 0 Errors, 3 Warning(s).
Build target 'ISO_Template'
linking...
Program Size: Code=5800 RO-data=336 RW-data=104 ZI-data=19240  
FromELF: creating hex file...
"..\..\Output\ISO_Template.axf" - 0 Errors, 0 Warning(s).
Build target 'ISO_Template'
linking...
Program Size: Code=5800 RO-data=336 RW-data=104 ZI-data=19240  
FromELF: creating hex file...
"..\..\Output\ISO_Template.axf" - 0 Errors, 0 Warning(s).
Build target 'ISO_Template'
compiling core_cm3.c...
compiling system_stm32f10x.c...
compiling misc.c...
compiling stm32f10x_adc.c...
compiling stm32f10x_bkp.c...
compiling stm32f10x_can.c...
compiling stm32f10x_cec.c...
compiling stm32f10x_crc.c...
compiling stm32f10x_dac.c...
compiling stm32f10x_dbgmcu.c...
compiling stm32f10x_dma.c...
compiling stm32f10x_exti.c...
compiling stm32f10x_flash.c...
compiling stm32f10x_fsmc.c...
compiling stm32f10x_gpio.c...
compiling stm32f10x_i2c.c...
compiling stm32f10x_iwdg.c...
compiling stm32f10x_pwr.c...
compiling stm32f10x_rcc.c...
compiling stm32f10x_rtc.c...
compiling stm32f10x_sdio.c...
compiling stm32f10x_spi.c...
compiling stm32f10x_tim.c...
compiling stm32f10x_usart.c...
compiling stm32f10x_wwdg.c...
compiling main.c...
..\..\HardWare\bsp_led\led.h(18): warning:  #1-D: last line of file ends without a newline
..\..\Task\bsp_task_led\task_led.h(19): warning:  #1-D: last line of file ends without a newline
..\..\User\bsp_includes\includes.h(42): warning:  #1-D: last line of file ends without a newline
..\..\User\main.c(20): warning:  #1-D: last line of file ends without a newline
compiling stm32f10x_it.c...
compiling croutine.c...
compiling event_groups.c...
compiling list.c...
compiling queue.c...
compiling tasks.c...
compiling timers.c...
compiling heap_4.c...
compiling port.c...
compiling led.c...
..\..\HardWare\bsp_led\led.h(18): warning:  #1-D: last line of file ends without a newline
..\..\Task\bsp_task_led\task_led.h(19): warning:  #1-D: last line of file ends without a newline
..\..\User\bsp_includes\includes.h(42): warning:  #1-D: last line of file ends without a newline
..\..\HardWare\bsp_led\led.c(35): warning:  #1-D: last line of file ends without a newline
compiling task_led.c...
..\..\HardWare\bsp_led\led.h(18): warning:  #1-D: last line of file ends without a newline
..\..\Task\bsp_task_led\task_led.h(19): warning:  #1-D: last line of file ends without a newline
..\..\User\bsp_includes\includes.h(42): warning:  #1-D: last line of file ends without a newline
..\..\Task\bsp_task_led\task_led.c(66): warning:  #1-D: last line of file ends without a newline
linking...
Program Size: Code=5800 RO-data=336 RW-data=104 ZI-data=19240  
FromELF: creating hex file...
"..\..\Output\ISO_Template.axf" - 0 Errors, 12 Warning(s).
Build target 'ISO_Template'
compiling task_led.c...
..\..\HardWare\bsp_led\led.h(18): warning:  #1-D: last line of file ends without a newline
..\..\Task\bsp_task_led\task_led.h(19): warning:  #1-D: last line of file ends without a newline
..\..\User\bsp_includes\includes.h(42): warning:  #1-D: last line of file ends without a newline
..\..\Task\bsp_task_led\task_led.c(66): warning:  #1-D: last line of file ends without a newline
linking...
Program Size: Code=5800 RO-data=336 RW-data=104 ZI-data=19240  
FromELF: creating hex file...
"..\..\Output\ISO_Template.axf" - 0 Errors, 4 Warning(s).
Build target 'ISO_Template'
linking...
Program Size: Code=5800 RO-data=336 RW-data=104 ZI-data=19240  
FromELF: creating hex file...
"..\..\Output\ISO_Template.axf" - 0 Errors, 0 Warning(s).
Build target 'ISO_Template'
compiling main.c...
..\..\HardWare\bsp_led\led.h(18): warning:  #1-D: last line of file ends without a newline
..\..\Task\bsp_task_led\task_led.h(19): warning:  #1-D: last line of file ends without a newline
..\..\User\bsp_includes\includes.h(40): error:  #5: cannot open source input file "board.h": No such file or directory
compiling led.c...
..\..\HardWare\bsp_led\led.h(18): warning:  #1-D: last line of file ends without a newline
..\..\Task\bsp_task_led\task_led.h(19): warning:  #1-D: last line of file ends without a newline
..\..\User\bsp_includes\includes.h(40): error:  #5: cannot open source input file "board.h": No such file or directory
compiling task_led.c...
..\..\HardWare\bsp_led\led.h(18): warning:  #1-D: last line of file ends without a newline
..\..\Task\bsp_task_led\task_led.h(19): warning:  #1-D: last line of file ends without a newline
..\..\User\bsp_includes\includes.h(40): error:  #5: cannot open source input file "board.h": No such file or directory
"..\..\Output\ISO_Template.axf" - 3 Errors, 6 Warning(s).
Target not created
Build target 'ISO_Template'
compiling main.c...
..\..\HardWare\bsp_led\led.h(18): warning:  #1-D: last line of file ends without a newline
..\..\Task\bsp_task_led\task_led.h(19): warning:  #1-D: last line of file ends without a newline
..\..\User\bsp_includes\includes.h(40): error:  #5: cannot open source input file "board.h": No such file or directory
compiling led.c...
..\..\HardWare\bsp_led\led.h(18): warning:  #1-D: last line of file ends without a newline
..\..\Task\bsp_task_led\task_led.h(19): warning:  #1-D: last line of file ends without a newline
..\..\User\bsp_includes\includes.h(40): error:  #5: cannot open source input file "board.h": No such file or directory
compiling task_led.c...
..\..\HardWare\bsp_led\led.h(18): warning:  #1-D: last line of file ends without a newline
..\..\Task\bsp_task_led\task_led.h(19): warning:  #1-D: last line of file ends without a newline
..\..\User\bsp_includes\includes.h(40): error:  #5: cannot open source input file "board.h": No such file or directory
"..\..\Output\ISO_Template.axf" - 3 Errors, 6 Warning(s).
Target not created
Build target 'ISO_Template'
compiling core_cm3.c...
compiling system_stm32f10x.c...
compiling misc.c...
compiling stm32f10x_adc.c...
compiling stm32f10x_bkp.c...
compiling stm32f10x_can.c...
compiling stm32f10x_cec.c...
compiling stm32f10x_crc.c...
compiling stm32f10x_dac.c...
compiling stm32f10x_dbgmcu.c...
compiling stm32f10x_dma.c...
compiling stm32f10x_exti.c...
compiling stm32f10x_flash.c...
compiling stm32f10x_fsmc.c...
compiling stm32f10x_gpio.c...
compiling stm32f10x_i2c.c...
compiling stm32f10x_iwdg.c...
compiling stm32f10x_pwr.c...
compiling stm32f10x_rcc.c...
compiling stm32f10x_rtc.c...
compiling stm32f10x_sdio.c...
compiling stm32f10x_spi.c...
compiling stm32f10x_tim.c...
compiling stm32f10x_usart.c...
compiling stm32f10x_wwdg.c...
compiling main.c...
..\..\HardWare\bsp_led\led.h(18): warning:  #1-D: last line of file ends without a newline
..\..\Task\bsp_task_led\task_led.h(19): warning:  #1-D: last line of file ends without a newline
..\..\User\bsp_board\board.h(16): warning:  #1-D: last line of file ends without a newline
..\..\User\bsp_includes\includes.h(43): warning:  #1-D: last line of file ends without a newline
..\..\User\main.c(20): warning:  #1-D: last line of file ends without a newline
compiling stm32f10x_it.c...
compiling croutine.c...
compiling event_groups.c...
compiling list.c...
compiling queue.c...
compiling tasks.c...
compiling timers.c...
compiling heap_4.c...
compiling port.c...
compiling led.c...
..\..\HardWare\bsp_led\led.h(18): warning:  #1-D: last line of file ends without a newline
..\..\Task\bsp_task_led\task_led.h(19): warning:  #1-D: last line of file ends without a newline
..\..\User\bsp_board\board.h(16): warning:  #1-D: last line of file ends without a newline
..\..\User\bsp_includes\includes.h(43): warning:  #1-D: last line of file ends without a newline
..\..\HardWare\bsp_led\led.c(35): warning:  #1-D: last line of file ends without a newline
compiling task_led.c...
..\..\HardWare\bsp_led\led.h(18): warning:  #1-D: last line of file ends without a newline
..\..\Task\bsp_task_led\task_led.h(19): warning:  #1-D: last line of file ends without a newline
..\..\User\bsp_board\board.h(16): warning:  #1-D: last line of file ends without a newline
..\..\User\bsp_includes\includes.h(43): warning:  #1-D: last line of file ends without a newline
..\..\Task\bsp_task_led\task_led.c(66): warning:  #1-D: last line of file ends without a newline
linking...
Program Size: Code=5800 RO-data=336 RW-data=104 ZI-data=19240  
FromELF: creating hex file...
"..\..\Output\ISO_Template.axf" - 0 Errors, 15 Warning(s).
Build target 'ISO_Template'
compiling main.c...
..\..\HardWare\bsp_led\led.h(18): warning:  #1-D: last line of file ends without a newline
..\..\Task\bsp_task_led\task_led.h(19): warning:  #1-D: last line of file ends without a newline
..\..\User\bsp_board\board.h(16): warning:  #1-D: last line of file ends without a newline
..\..\User\bsp_includes\includes.h(43): warning:  #1-D: last line of file ends without a newline
..\..\User\main.c(20): warning:  #1-D: last line of file ends without a newline
compiling led.c...
..\..\HardWare\bsp_led\led.h(18): warning:  #1-D: last line of file ends without a newline
..\..\Task\bsp_task_led\task_led.h(19): warning:  #1-D: last line of file ends without a newline
..\..\User\bsp_board\board.h(16): warning:  #1-D: last line of file ends without a newline
..\..\User\bsp_includes\includes.h(43): warning:  #1-D: last line of file ends without a newline
..\..\HardWare\bsp_led\led.c(35): warning:  #1-D: last line of file ends without a newline
compiling task_led.c...
..\..\HardWare\bsp_led\led.h(18): warning:  #1-D: last line of file ends without a newline
..\..\Task\bsp_task_led\task_led.h(19): warning:  #1-D: last line of file ends without a newline
..\..\User\bsp_board\board.h(16): warning:  #1-D: last line of file ends without a newline
..\..\User\bsp_includes\includes.h(43): warning:  #1-D: last line of file ends without a newline
..\..\Task\bsp_task_led\task_led.c(66): warning:  #1-D: last line of file ends without a newline
linking...
Program Size: Code=5800 RO-data=336 RW-data=104 ZI-data=19240  
FromELF: creating hex file...
"..\..\Output\ISO_Template.axf" - 0 Errors, 15 Warning(s).
Build target 'ISO_Template'
linking...
Program Size: Code=5800 RO-data=336 RW-data=104 ZI-data=19240  
FromELF: creating hex file...
"..\..\Output\ISO_Template.axf" - 0 Errors, 0 Warning(s).
Build target 'ISO_Template'
linking...
Program Size: Code=5800 RO-data=336 RW-data=104 ZI-data=19240  
FromELF: creating hex file...
"..\..\Output\ISO_Template.axf" - 0 Errors, 0 Warning(s).
Build target 'ISO_Template'
compiling main.c...
..\..\HardWare\bsp_led\led.h(18): warning:  #1-D: last line of file ends without a newline
..\..\Task\bsp_task_led\task_led.h(19): warning:  #1-D: last line of file ends without a newline
..\..\User\bsp_board\board.h(18): warning:  #1-D: last line of file ends without a newline
..\..\User\bsp_includes\includes.h(43): warning:  #1-D: last line of file ends without a newline
..\..\User\main.c(56): warning:  #1-D: last line of file ends without a newline
compiling led.c...
..\..\HardWare\bsp_led\led.h(18): warning:  #1-D: last line of file ends without a newline
..\..\Task\bsp_task_led\task_led.h(19): warning:  #1-D: last line of file ends without a newline
..\..\User\bsp_board\board.h(18): warning:  #1-D: last line of file ends without a newline
..\..\User\bsp_includes\includes.h(43): warning:  #1-D: last line of file ends without a newline
..\..\HardWare\bsp_led\led.c(35): warning:  #1-D: last line of file ends without a newline
compiling task_led.c...
..\..\HardWare\bsp_led\led.h(18): warning:  #1-D: last line of file ends without a newline
..\..\Task\bsp_task_led\task_led.h(19): warning:  #1-D: last line of file ends without a newline
..\..\User\bsp_board\board.h(18): warning:  #1-D: last line of file ends without a newline
..\..\User\bsp_includes\includes.h(43): warning:  #1-D: last line of file ends without a newline
..\..\Task\bsp_task_led\task_led.c(66): warning:  #1-D: last line of file ends without a newline
linking...
..\..\Output\ISO_Template.axf: Error: L6218E: Undefined symbol Board_Init (referred from main.o).
"..\..\Output\ISO_Template.axf" - 1 Errors, 15 Warning(s).
Target not created
Build target 'ISO_Template'
compiling board.c...
..\..\HardWare\bsp_led\led.h(18): warning:  #1-D: last line of file ends without a newline
..\..\Task\bsp_task_led\task_led.h(19): warning:  #1-D: last line of file ends without a newline
..\..\User\bsp_board\board.h(18): warning:  #1-D: last line of file ends without a newline
..\..\User\bsp_includes\includes.h(43): warning:  #1-D: last line of file ends without a newline
..\..\User\bsp_board\board.c(26): warning:  #1-D: last line of file ends without a newline
linking...
Program Size: Code=8188 RO-data=336 RW-data=136 ZI-data=19240  
FromELF: creating hex file...
"..\..\Output\ISO_Template.axf" - 0 Errors, 5 Warning(s).
Build target 'ISO_Template'
compiling board.c...
..\..\HardWare\bsp_led\led.h(18): warning:  #1-D: last line of file ends without a newline
..\..\Task\bsp_task_led\task_led.h(19): warning:  #1-D: last line of file ends without a newline
..\..\User\bsp_board\board.h(18): warning:  #1-D: last line of file ends without a newline
..\..\User\bsp_includes\includes.h(43): warning:  #1-D: last line of file ends without a newline
..\..\User\bsp_board\board.c(26): warning:  #1-D: last line of file ends without a newline
linking...
Program Size: Code=8188 RO-data=336 RW-data=136 ZI-data=19240  
FromELF: creating hex file...
"..\..\Output\ISO_Template.axf" - 0 Errors, 5 Warning(s).
Build target 'ISO_Template'
linking...
Program Size: Code=8188 RO-data=336 RW-data=136 ZI-data=19240  
FromELF: creating hex file...
"..\..\Output\ISO_Template.axf" - 0 Errors, 0 Warning(s).
Build target 'ISO_Template'
linking...
Program Size: Code=8188 RO-data=336 RW-data=136 ZI-data=19240  
FromELF: creating hex file...
"..\..\Output\ISO_Template.axf" - 0 Errors, 0 Warning(s).
Build target 'ISO_Template'
linking...
Program Size: Code=8188 RO-data=336 RW-data=136 ZI-data=19240  
FromELF: creating hex file...
"..\..\Output\ISO_Template.axf" - 0 Errors, 0 Warning(s).
Build target 'ISO_Template'
linking...
Program Size: Code=8188 RO-data=336 RW-data=136 ZI-data=19240  
FromELF: creating hex file...
"..\..\Output\ISO_Template.axf" - 0 Errors, 0 Warning(s).
Build target 'ISO_Template'
linking...
Program Size: Code=8188 RO-data=336 RW-data=136 ZI-data=19240  
FromELF: creating hex file...
"..\..\Output\ISO_Template.axf" - 0 Errors, 0 Warning(s).
Build target 'ISO_Template'
linking...
Program Size: Code=8188 RO-data=336 RW-data=136 ZI-data=19240  
FromELF: creating hex file...
"..\..\Output\ISO_Template.axf" - 0 Errors, 0 Warning(s).
Build target 'ISO_Template'
linking...
Program Size: Code=8188 RO-data=336 RW-data=136 ZI-data=19240  
FromELF: creating hex file...
"..\..\Output\ISO_Template.axf" - 0 Errors, 0 Warning(s).
Build target 'ISO_Template'
linking...
Program Size: Code=8188 RO-data=336 RW-data=136 ZI-data=19240  
FromELF: creating hex file...
"..\..\Output\ISO_Template.axf" - 0 Errors, 0 Warning(s).
Build target 'ISO_Template'
compiling core_cm3.c...
compiling system_stm32f10x.c...
compiling misc.c...
compiling stm32f10x_adc.c...
compiling stm32f10x_bkp.c...
compiling stm32f10x_can.c...
compiling stm32f10x_cec.c...
compiling stm32f10x_crc.c...
compiling stm32f10x_dac.c...
compiling stm32f10x_dbgmcu.c...
compiling stm32f10x_dma.c...
compiling stm32f10x_exti.c...
compiling stm32f10x_flash.c...
compiling stm32f10x_fsmc.c...
compiling stm32f10x_gpio.c...
compiling stm32f10x_i2c.c...
compiling stm32f10x_iwdg.c...
compiling stm32f10x_pwr.c...
compiling stm32f10x_rcc.c...
compiling stm32f10x_rtc.c...
compiling stm32f10x_sdio.c...
compiling stm32f10x_spi.c...
compiling stm32f10x_tim.c...
compiling stm32f10x_usart.c...
compiling stm32f10x_wwdg.c...
compiling main.c...
..\..\HardWare\bsp_led\led.h(18): warning:  #1-D: last line of file ends without a newline
..\..\Task\bsp_task_led\task_led.h(19): warning:  #1-D: last line of file ends without a newline
..\..\User\bsp_board\board.h(18): warning:  #1-D: last line of file ends without a newline
..\..\HardWare\bsp_key\key.h(19): warning:  #1-D: last line of file ends without a newline
..\..\User\bsp_includes\includes.h(44): warning:  #1-D: last line of file ends without a newline
..\..\User\main.c(56): warning:  #1-D: last line of file ends without a newline
compiling stm32f10x_it.c...
compiling board.c...
..\..\HardWare\bsp_led\led.h(18): warning:  #1-D: last line of file ends without a newline
..\..\Task\bsp_task_led\task_led.h(19): warning:  #1-D: last line of file ends without a newline
..\..\User\bsp_board\board.h(18): warning:  #1-D: last line of file ends without a newline
..\..\HardWare\bsp_key\key.h(19): warning:  #1-D: last line of file ends without a newline
..\..\User\bsp_includes\includes.h(44): warning:  #1-D: last line of file ends without a newline
..\..\User\bsp_board\board.c(26): warning:  #1-D: last line of file ends without a newline
compiling croutine.c...
compiling event_groups.c...
compiling list.c...
compiling queue.c...
compiling tasks.c...
compiling timers.c...
compiling heap_4.c...
compiling port.c...
compiling led.c...
..\..\HardWare\bsp_led\led.h(18): warning:  #1-D: last line of file ends without a newline
..\..\Task\bsp_task_led\task_led.h(19): warning:  #1-D: last line of file ends without a newline
..\..\User\bsp_board\board.h(18): warning:  #1-D: last line of file ends without a newline
..\..\HardWare\bsp_key\key.h(19): warning:  #1-D: last line of file ends without a newline
..\..\User\bsp_includes\includes.h(44): warning:  #1-D: last line of file ends without a newline
..\..\HardWare\bsp_led\led.c(35): warning:  #1-D: last line of file ends without a newline
compiling key.c...
..\..\HardWare\bsp_led\led.h(18): warning:  #1-D: last line of file ends without a newline
..\..\Task\bsp_task_led\task_led.h(19): warning:  #1-D: last line of file ends without a newline
..\..\User\bsp_board\board.h(18): warning:  #1-D: last line of file ends without a newline
..\..\HardWare\bsp_key\key.h(19): warning:  #1-D: last line of file ends without a newline
..\..\User\bsp_includes\includes.h(44): warning:  #1-D: last line of file ends without a newline
..\..\HardWare\bsp_key\key.c(51): warning:  #940-D: missing return statement at end of non-void function "Key1_Scan"
..\..\HardWare\bsp_key\key.c(70): warning:  #1-D: last line of file ends without a newline
..\..\HardWare\bsp_key\key.c(70): warning:  #940-D: missing return statement at end of non-void function "Key2_Scan"
compiling task_led.c...
..\..\HardWare\bsp_led\led.h(18): warning:  #1-D: last line of file ends without a newline
..\..\Task\bsp_task_led\task_led.h(19): warning:  #1-D: last line of file ends without a newline
..\..\User\bsp_board\board.h(18): warning:  #1-D: last line of file ends without a newline
..\..\HardWare\bsp_key\key.h(19): warning:  #1-D: last line of file ends without a newline
..\..\User\bsp_includes\includes.h(44): warning:  #1-D: last line of file ends without a newline
..\..\Task\bsp_task_led\task_led.c(66): warning:  #1-D: last line of file ends without a newline
linking...
Program Size: Code=8188 RO-data=336 RW-data=136 ZI-data=19240  
FromELF: creating hex file...
"..\..\Output\ISO_Template.axf" - 0 Errors, 32 Warning(s).
Build target 'ISO_Template'
compiling key.c...
..\..\HardWare\bsp_led\led.h(18): warning:  #1-D: last line of file ends without a newline
..\..\Task\bsp_task_led\task_led.h(19): warning:  #1-D: last line of file ends without a newline
..\..\User\bsp_board\board.h(18): warning:  #1-D: last line of file ends without a newline
..\..\HardWare\bsp_key\key.h(19): warning:  #1-D: last line of file ends without a newline
..\..\User\bsp_includes\includes.h(44): warning:  #1-D: last line of file ends without a newline
..\..\HardWare\bsp_key\key.c(51): warning:  #940-D: missing return statement at end of non-void function "Key1_Scan"
..\..\HardWare\bsp_key\key.c(70): warning:  #1-D: last line of file ends without a newline
..\..\HardWare\bsp_key\key.c(70): warning:  #940-D: missing return statement at end of non-void function "Key2_Scan"
linking...
Program Size: Code=8188 RO-data=336 RW-data=136 ZI-data=19240  
FromELF: creating hex file...
"..\..\Output\ISO_Template.axf" - 0 Errors, 8 Warning(s).
Build target 'ISO_Template'
linking...
Program Size: Code=8188 RO-data=336 RW-data=136 ZI-data=19240  
FromELF: creating hex file...
"..\..\Output\ISO_Template.axf" - 0 Errors, 0 Warning(s).
Build target 'ISO_Template'
linking...
Program Size: Code=8188 RO-data=336 RW-data=136 ZI-data=19240  
FromELF: creating hex file...
"..\..\Output\ISO_Template.axf" - 0 Errors, 0 Warning(s).
Build target 'ISO_Template'
linking...
Program Size: Code=8188 RO-data=336 RW-data=136 ZI-data=19240  
FromELF: creating hex file...
"..\..\Output\ISO_Template.axf" - 0 Errors, 0 Warning(s).
Build target 'ISO_Template'
compiling core_cm3.c...
compiling system_stm32f10x.c...
compiling misc.c...
compiling stm32f10x_adc.c...
compiling stm32f10x_bkp.c...
compiling stm32f10x_can.c...
compiling stm32f10x_cec.c...
compiling stm32f10x_crc.c...
compiling stm32f10x_dac.c...
compiling stm32f10x_dbgmcu.c...
compiling stm32f10x_dma.c...
compiling stm32f10x_exti.c...
compiling stm32f10x_flash.c...
compiling stm32f10x_fsmc.c...
compiling stm32f10x_gpio.c...
compiling stm32f10x_i2c.c...
compiling stm32f10x_iwdg.c...
compiling stm32f10x_pwr.c...
compiling stm32f10x_rcc.c...
compiling stm32f10x_rtc.c...
compiling stm32f10x_sdio.c...
compiling stm32f10x_spi.c...
compiling stm32f10x_tim.c...
compiling stm32f10x_usart.c...
compiling stm32f10x_wwdg.c...
compiling main.c...
..\..\HardWare\bsp_led\led.h(18): warning:  #1-D: last line of file ends without a newline
..\..\Task\bsp_task_led\task_led.h(17): warning:  #1-D: last line of file ends without a newline
..\..\User\bsp_board\board.h(18): warning:  #1-D: last line of file ends without a newline
..\..\HardWare\bsp_key\key.h(19): warning:  #1-D: last line of file ends without a newline
..\..\Task\bsp_task_key\task_key.h(14): warning:  #1-D: last line of file ends without a newline
..\..\User\bsp_includes\includes.h(45): warning:  #1-D: last line of file ends without a newline
..\..\User\main.c(56): warning:  #1-D: last line of file ends without a newline
compiling stm32f10x_it.c...
compiling board.c...
..\..\HardWare\bsp_led\led.h(18): warning:  #1-D: last line of file ends without a newline
..\..\Task\bsp_task_led\task_led.h(17): warning:  #1-D: last line of file ends without a newline
..\..\User\bsp_board\board.h(18): warning:  #1-D: last line of file ends without a newline
..\..\HardWare\bsp_key\key.h(19): warning:  #1-D: last line of file ends without a newline
..\..\Task\bsp_task_key\task_key.h(14): warning:  #1-D: last line of file ends without a newline
..\..\User\bsp_includes\includes.h(45): warning:  #1-D: last line of file ends without a newline
..\..\User\bsp_board\board.c(26): warning:  #1-D: last line of file ends without a newline
compiling croutine.c...
compiling event_groups.c...
compiling list.c...
compiling queue.c...
compiling tasks.c...
compiling timers.c...
compiling heap_4.c...
compiling port.c...
compiling led.c...
..\..\HardWare\bsp_led\led.h(18): warning:  #1-D: last line of file ends without a newline
..\..\Task\bsp_task_led\task_led.h(17): warning:  #1-D: last line of file ends without a newline
..\..\User\bsp_board\board.h(18): warning:  #1-D: last line of file ends without a newline
..\..\HardWare\bsp_key\key.h(19): warning:  #1-D: last line of file ends without a newline
..\..\Task\bsp_task_key\task_key.h(14): warning:  #1-D: last line of file ends without a newline
..\..\User\bsp_includes\includes.h(45): warning:  #1-D: last line of file ends without a newline
..\..\HardWare\bsp_led\led.c(35): warning:  #1-D: last line of file ends without a newline
compiling key.c...
..\..\HardWare\bsp_led\led.h(18): warning:  #1-D: last line of file ends without a newline
..\..\Task\bsp_task_led\task_led.h(17): warning:  #1-D: last line of file ends without a newline
..\..\User\bsp_board\board.h(18): warning:  #1-D: last line of file ends without a newline
..\..\HardWare\bsp_key\key.h(19): warning:  #1-D: last line of file ends without a newline
..\..\Task\bsp_task_key\task_key.h(14): warning:  #1-D: last line of file ends without a newline
..\..\User\bsp_includes\includes.h(45): warning:  #1-D: last line of file ends without a newline
..\..\HardWare\bsp_key\key.c(51): warning:  #940-D: missing return statement at end of non-void function "Key1_Scan"
..\..\HardWare\bsp_key\key.c(70): warning:  #1-D: last line of file ends without a newline
..\..\HardWare\bsp_key\key.c(70): warning:  #940-D: missing return statement at end of non-void function "Key2_Scan"
compiling task_led.c...
..\..\HardWare\bsp_led\led.h(18): warning:  #1-D: last line of file ends without a newline
..\..\Task\bsp_task_led\task_led.h(17): warning:  #1-D: last line of file ends without a newline
..\..\User\bsp_board\board.h(18): warning:  #1-D: last line of file ends without a newline
..\..\HardWare\bsp_key\key.h(19): warning:  #1-D: last line of file ends without a newline
..\..\Task\bsp_task_key\task_key.h(14): warning:  #1-D: last line of file ends without a newline
..\..\User\bsp_includes\includes.h(45): warning:  #1-D: last line of file ends without a newline
..\..\Task\bsp_task_led\task_led.c(66): warning:  #1-D: last line of file ends without a newline
compiling task_key.c...
..\..\HardWare\bsp_led\led.h(18): warning:  #1-D: last line of file ends without a newline
..\..\Task\bsp_task_led\task_led.h(17): warning:  #1-D: last line of file ends without a newline
..\..\User\bsp_board\board.h(18): warning:  #1-D: last line of file ends without a newline
..\..\HardWare\bsp_key\key.h(19): warning:  #1-D: last line of file ends without a newline
..\..\Task\bsp_task_key\task_key.h(14): warning:  #1-D: last line of file ends without a newline
..\..\User\bsp_includes\includes.h(45): warning:  #1-D: last line of file ends without a newline
..\..\Task\bsp_task_key\task_key.c(12): warning:  #1-D: last line of file ends without a newline
linking...
Program Size: Code=8188 RO-data=336 RW-data=136 ZI-data=19240  
FromELF: creating hex file...
"..\..\Output\ISO_Template.axf" - 0 Errors, 44 Warning(s).
Build target 'ISO_Template'
compiling task_key.c...
..\..\HardWare\bsp_led\led.h(18): warning:  #1-D: last line of file ends without a newline
..\..\Task\bsp_task_led\task_led.h(17): warning:  #1-D: last line of file ends without a newline
..\..\User\bsp_board\board.h(18): warning:  #1-D: last line of file ends without a newline
..\..\HardWare\bsp_key\key.h(19): warning:  #1-D: last line of file ends without a newline
..\..\Task\bsp_task_key\task_key.h(14): warning:  #1-D: last line of file ends without a newline
..\..\User\bsp_includes\includes.h(45): warning:  #1-D: last line of file ends without a newline
..\..\Task\bsp_task_key\task_key.c(33): warning:  #1-D: last line of file ends without a newline
linking...
Program Size: Code=8188 RO-data=336 RW-data=136 ZI-data=19240  
FromELF: creating hex file...
"..\..\Output\ISO_Template.axf" - 0 Errors, 7 Warning(s).
Build target 'ISO_Template'
compiling task_key.c...
..\..\HardWare\bsp_led\led.h(18): warning:  #1-D: last line of file ends without a newline
..\..\Task\bsp_task_led\task_led.h(17): warning:  #1-D: last line of file ends without a newline
..\..\User\bsp_board\board.h(18): warning:  #1-D: last line of file ends without a newline
..\..\HardWare\bsp_key\key.h(19): warning:  #1-D: last line of file ends without a newline
..\..\Task\bsp_task_key\task_key.h(14): warning:  #1-D: last line of file ends without a newline
..\..\User\bsp_includes\includes.h(45): warning:  #1-D: last line of file ends without a newline
..\..\Task\bsp_task_key\task_key.c(33): warning:  #1-D: last line of file ends without a newline
linking...
Program Size: Code=8188 RO-data=336 RW-data=136 ZI-data=19240  
FromELF: creating hex file...
"..\..\Output\ISO_Template.axf" - 0 Errors, 7 Warning(s).
Build target 'ISO_Template'
linking...
Program Size: Code=8188 RO-data=336 RW-data=136 ZI-data=19240  
FromELF: creating hex file...
"..\..\Output\ISO_Template.axf" - 0 Errors, 0 Warning(s).
Build target 'ISO_Template'
compiling main.c...
..\..\HardWare\bsp_led\led.h(18): warning:  #1-D: last line of file ends without a newline
..\..\Task\bsp_task_led\task_led.h(17): warning:  #1-D: last line of file ends without a newline
..\..\User\bsp_board\board.h(18): warning:  #1-D: last line of file ends without a newline
..\..\HardWare\bsp_key\key.h(19): warning:  #1-D: last line of file ends without a newline
..\..\Task\bsp_task_key\task_key.h(14): warning:  #1-D: last line of file ends without a newline
..\..\User\bsp_includes\includes.h(45): warning:  #1-D: last line of file ends without a newline
..\..\User\main.c(56): warning:  #1-D: last line of file ends without a newline
compiling board.c...
..\..\HardWare\bsp_led\led.h(18): warning:  #1-D: last line of file ends without a newline
..\..\Task\bsp_task_led\task_led.h(17): warning:  #1-D: last line of file ends without a newline
..\..\User\bsp_board\board.h(18): warning:  #1-D: last line of file ends without a newline
..\..\HardWare\bsp_key\key.h(19): warning:  #1-D: last line of file ends without a newline
..\..\Task\bsp_task_key\task_key.h(14): warning:  #1-D: last line of file ends without a newline
..\..\User\bsp_includes\includes.h(45): warning:  #1-D: last line of file ends without a newline
..\..\User\bsp_board\board.c(26): warning:  #1-D: last line of file ends without a newline
compiling led.c...
..\..\HardWare\bsp_led\led.h(18): warning:  #1-D: last line of file ends without a newline
..\..\Task\bsp_task_led\task_led.h(17): warning:  #1-D: last line of file ends without a newline
..\..\User\bsp_board\board.h(18): warning:  #1-D: last line of file ends without a newline
..\..\HardWare\bsp_key\key.h(19): warning:  #1-D: last line of file ends without a newline
..\..\Task\bsp_task_key\task_key.h(14): warning:  #1-D: last line of file ends without a newline
..\..\User\bsp_includes\includes.h(45): warning:  #1-D: last line of file ends without a newline
..\..\HardWare\bsp_led\led.c(35): warning:  #1-D: last line of file ends without a newline
compiling key.c...
..\..\HardWare\bsp_led\led.h(18): warning:  #1-D: last line of file ends without a newline
..\..\Task\bsp_task_led\task_led.h(17): warning:  #1-D: last line of file ends without a newline
..\..\User\bsp_board\board.h(18): warning:  #1-D: last line of file ends without a newline
..\..\HardWare\bsp_key\key.h(19): warning:  #1-D: last line of file ends without a newline
..\..\Task\bsp_task_key\task_key.h(14): warning:  #1-D: last line of file ends without a newline
..\..\User\bsp_includes\includes.h(45): warning:  #1-D: last line of file ends without a newline
..\..\HardWare\bsp_key\key.c(51): warning:  #940-D: missing return statement at end of non-void function "Key1_Scan"
..\..\HardWare\bsp_key\key.c(70): warning:  #1-D: last line of file ends without a newline
..\..\HardWare\bsp_key\key.c(70): warning:  #940-D: missing return statement at end of non-void function "Key2_Scan"
compiling task_led.c...
..\..\HardWare\bsp_led\led.h(18): warning:  #1-D: last line of file ends without a newline
..\..\Task\bsp_task_led\task_led.h(17): warning:  #1-D: last line of file ends without a newline
..\..\User\bsp_board\board.h(18): warning:  #1-D: last line of file ends without a newline
..\..\HardWare\bsp_key\key.h(19): warning:  #1-D: last line of file ends without a newline
..\..\Task\bsp_task_key\task_key.h(14): warning:  #1-D: last line of file ends without a newline
..\..\User\bsp_includes\includes.h(45): warning:  #1-D: last line of file ends without a newline
..\..\Task\bsp_task_led\task_led.c(66): warning:  #1-D: last line of file ends without a newline
compiling task_key.c...
..\..\HardWare\bsp_led\led.h(18): warning:  #1-D: last line of file ends without a newline
..\..\Task\bsp_task_led\task_led.h(17): warning:  #1-D: last line of file ends without a newline
..\..\User\bsp_board\board.h(18): warning:  #1-D: last line of file ends without a newline
..\..\HardWare\bsp_key\key.h(19): warning:  #1-D: last line of file ends without a newline
..\..\Task\bsp_task_key\task_key.h(14): warning:  #1-D: last line of file ends without a newline
..\..\User\bsp_includes\includes.h(45): warning:  #1-D: last line of file ends without a newline
..\..\Task\bsp_task_key\task_key.c(33): warning:  #1-D: last line of file ends without a newline
linking...
Program Size: Code=8188 RO-data=336 RW-data=136 ZI-data=19240  
FromELF: creating hex file...
"..\..\Output\ISO_Template.axf" - 0 Errors, 44 Warning(s).
Build target 'ISO_Template'
linking...
Program Size: Code=8188 RO-data=336 RW-data=136 ZI-data=19240  
FromELF: creating hex file...
"..\..\Output\ISO_Template.axf" - 0 Errors, 0 Warning(s).
Build target 'ISO_Template'
linking...
Program Size: Code=8188 RO-data=336 RW-data=136 ZI-data=19240  
FromELF: creating hex file...
"..\..\Output\ISO_Template.axf" - 0 Errors, 0 Warning(s).
Build target 'ISO_Template'
linking...
Program Size: Code=8188 RO-data=336 RW-data=136 ZI-data=19240  
FromELF: creating hex file...
"..\..\Output\ISO_Template.axf" - 0 Errors, 0 Warning(s).
Build target 'ISO_Template'
linking...
Program Size: Code=8188 RO-data=336 RW-data=136 ZI-data=19240  
FromELF: creating hex file...
"..\..\Output\ISO_Template.axf" - 0 Errors, 0 Warning(s).
Build target 'ISO_Template'
compiling main.c...
..\..\HardWare\bsp_led\led.h(18): warning:  #1-D: last line of file ends without a newline
..\..\Task\bsp_task_led\task_led.h(17): warning:  #1-D: last line of file ends without a newline
..\..\User\bsp_board\board.h(18): warning:  #1-D: last line of file ends without a newline
..\..\HardWare\bsp_key\key.h(19): warning:  #1-D: last line of file ends without a newline
..\..\Task\bsp_task_key\task_key.h(16): warning:  #1-D: last line of file ends without a newline
..\..\User\bsp_includes\includes.h(45): warning:  #1-D: last line of file ends without a newline
..\..\User\main.c(56): warning:  #1-D: last line of file ends without a newline
compiling board.c...
..\..\HardWare\bsp_led\led.h(18): warning:  #1-D: last line of file ends without a newline
..\..\Task\bsp_task_led\task_led.h(17): warning:  #1-D: last line of file ends without a newline
..\..\User\bsp_board\board.h(18): warning:  #1-D: last line of file ends without a newline
..\..\HardWare\bsp_key\key.h(19): warning:  #1-D: last line of file ends without a newline
..\..\Task\bsp_task_key\task_key.h(16): warning:  #1-D: last line of file ends without a newline
..\..\User\bsp_includes\includes.h(45): warning:  #1-D: last line of file ends without a newline
..\..\User\bsp_board\board.c(26): warning:  #1-D: last line of file ends without a newline
compiling led.c...
..\..\HardWare\bsp_led\led.h(18): warning:  #1-D: last line of file ends without a newline
..\..\Task\bsp_task_led\task_led.h(17): warning:  #1-D: last line of file ends without a newline
..\..\User\bsp_board\board.h(18): warning:  #1-D: last line of file ends without a newline
..\..\HardWare\bsp_key\key.h(19): warning:  #1-D: last line of file ends without a newline
..\..\Task\bsp_task_key\task_key.h(16): warning:  #1-D: last line of file ends without a newline
..\..\User\bsp_includes\includes.h(45): warning:  #1-D: last line of file ends without a newline
..\..\HardWare\bsp_led\led.c(35): warning:  #1-D: last line of file ends without a newline
compiling key.c...
..\..\HardWare\bsp_led\led.h(18): warning:  #1-D: last line of file ends without a newline
..\..\Task\bsp_task_led\task_led.h(17): warning:  #1-D: last line of file ends without a newline
..\..\User\bsp_board\board.h(18): warning:  #1-D: last line of file ends without a newline
..\..\HardWare\bsp_key\key.h(19): warning:  #1-D: last line of file ends without a newline
..\..\Task\bsp_task_key\task_key.h(16): warning:  #1-D: last line of file ends without a newline
..\..\User\bsp_includes\includes.h(45): warning:  #1-D: last line of file ends without a newline
..\..\HardWare\bsp_key\key.c(51): warning:  #940-D: missing return statement at end of non-void function "Key1_Scan"
..\..\HardWare\bsp_key\key.c(70): warning:  #1-D: last line of file ends without a newline
..\..\HardWare\bsp_key\key.c(70): warning:  #940-D: missing return statement at end of non-void function "Key2_Scan"
compiling task_led.c...
..\..\HardWare\bsp_led\led.h(18): warning:  #1-D: last line of file ends without a newline
..\..\Task\bsp_task_led\task_led.h(17): warning:  #1-D: last line of file ends without a newline
..\..\User\bsp_board\board.h(18): warning:  #1-D: last line of file ends without a newline
..\..\HardWare\bsp_key\key.h(19): warning:  #1-D: last line of file ends without a newline
..\..\Task\bsp_task_key\task_key.h(16): warning:  #1-D: last line of file ends without a newline
..\..\User\bsp_includes\includes.h(45): warning:  #1-D: last line of file ends without a newline
..\..\Task\bsp_task_led\task_led.c(66): warning:  #1-D: last line of file ends without a newline
compiling task_key.c...
..\..\HardWare\bsp_led\led.h(18): warning:  #1-D: last line of file ends without a newline
..\..\Task\bsp_task_led\task_led.h(17): warning:  #1-D: last line of file ends without a newline
..\..\User\bsp_board\board.h(18): warning:  #1-D: last line of file ends without a newline
..\..\HardWare\bsp_key\key.h(19): warning:  #1-D: last line of file ends without a newline
..\..\Task\bsp_task_key\task_key.h(16): warning:  #1-D: last line of file ends without a newline
..\..\User\bsp_includes\includes.h(45): warning:  #1-D: last line of file ends without a newline
..\..\Task\bsp_task_key\task_key.c(33): warning:  #1-D: last line of file ends without a newline
linking...
Program Size: Code=8188 RO-data=336 RW-data=136 ZI-data=19240  
FromELF: creating hex file...
"..\..\Output\ISO_Template.axf" - 0 Errors, 44 Warning(s).
Build target 'ISO_Template'
linking...
Program Size: Code=8188 RO-data=336 RW-data=136 ZI-data=19240  
FromELF: creating hex file...
"..\..\Output\ISO_Template.axf" - 0 Errors, 0 Warning(s).
Build target 'ISO_Template'
linking...
Program Size: Code=8188 RO-data=336 RW-data=136 ZI-data=19240  
FromELF: creating hex file...
"..\..\Output\ISO_Template.axf" - 0 Errors, 0 Warning(s).
Build target 'ISO_Template'
compiling main.c...
..\..\HardWare\bsp_led\led.h(18): warning:  #1-D: last line of file ends without a newline
..\..\Task\bsp_task_led\task_led.h(17): warning:  #1-D: last line of file ends without a newline
..\..\User\bsp_board\board.h(18): warning:  #1-D: last line of file ends without a newline
..\..\HardWare\bsp_key\key.h(19): warning:  #1-D: last line of file ends without a newline
..\..\Task\bsp_task_key\task_key.h(16): warning:  #1-D: last line of file ends without a newline
..\..\User\bsp_includes\includes.h(45): warning:  #1-D: last line of file ends without a newline
..\..\User\main.c(56): warning:  #1-D: last line of file ends without a newline
linking...
Program Size: Code=8188 RO-data=336 RW-data=136 ZI-data=19240  
FromELF: creating hex file...
"..\..\Output\ISO_Template.axf" - 0 Errors, 7 Warning(s).
Build target 'ISO_Template'
linking...
Program Size: Code=8188 RO-data=336 RW-data=136 ZI-data=19240  
FromELF: creating hex file...
"..\..\Output\ISO_Template.axf" - 0 Errors, 0 Warning(s).
Build target 'ISO_Template'
linking...
Program Size: Code=8188 RO-data=336 RW-data=136 ZI-data=19240  
FromELF: creating hex file...
"..\..\Output\ISO_Template.axf" - 0 Errors, 0 Warning(s).
Build target 'ISO_Template'
linking...
Program Size: Code=8188 RO-data=336 RW-data=136 ZI-data=19240  
FromELF: creating hex file...
"..\..\Output\ISO_Template.axf" - 0 Errors, 0 Warning(s).
Build target 'ISO_Template'
linking...
Program Size: Code=8188 RO-data=336 RW-data=136 ZI-data=19240  
FromELF: creating hex file...
"..\..\Output\ISO_Template.axf" - 0 Errors, 0 Warning(s).
Build target 'ISO_Template'
linking...
Program Size: Code=8188 RO-data=336 RW-data=136 ZI-data=19240  
FromELF: creating hex file...
"..\..\Output\ISO_Template.axf" - 0 Errors, 0 Warning(s).
Build target 'ISO_Template'
linking...
Program Size: Code=8188 RO-data=336 RW-data=136 ZI-data=19240  
FromELF: creating hex file...
"..\..\Output\ISO_Template.axf" - 0 Errors, 0 Warning(s).
Build target 'ISO_Template'
compiling main.c...
..\..\HardWare\bsp_led\led.h(18): warning:  #1-D: last line of file ends without a newline
..\..\Task\bsp_task_led\task_led.h(17): warning:  #1-D: last line of file ends without a newline
..\..\User\bsp_board\board.h(18): warning:  #1-D: last line of file ends without a newline
..\..\HardWare\bsp_key\key.h(19): warning:  #1-D: last line of file ends without a newline
..\..\Task\bsp_task_key\task_key.h(16): warning:  #1-D: last line of file ends without a newline
..\..\User\bsp_includes\includes.h(45): warning:  #1-D: last line of file ends without a newline
..\..\User\main.c(56): warning:  #1-D: last line of file ends without a newline
compiling board.c...
..\..\HardWare\bsp_led\led.h(18): warning:  #1-D: last line of file ends without a newline
..\..\Task\bsp_task_led\task_led.h(17): warning:  #1-D: last line of file ends without a newline
..\..\User\bsp_board\board.h(18): warning:  #1-D: last line of file ends without a newline
..\..\HardWare\bsp_key\key.h(19): warning:  #1-D: last line of file ends without a newline
..\..\Task\bsp_task_key\task_key.h(16): warning:  #1-D: last line of file ends without a newline
..\..\User\bsp_includes\includes.h(45): warning:  #1-D: last line of file ends without a newline
..\..\User\bsp_board\board.c(26): warning:  #1-D: last line of file ends without a newline
compiling led.c...
..\..\HardWare\bsp_led\led.h(18): warning:  #1-D: last line of file ends without a newline
..\..\Task\bsp_task_led\task_led.h(17): warning:  #1-D: last line of file ends without a newline
..\..\User\bsp_board\board.h(18): warning:  #1-D: last line of file ends without a newline
..\..\HardWare\bsp_key\key.h(19): warning:  #1-D: last line of file ends without a newline
..\..\Task\bsp_task_key\task_key.h(16): warning:  #1-D: last line of file ends without a newline
..\..\User\bsp_includes\includes.h(45): warning:  #1-D: last line of file ends without a newline
..\..\HardWare\bsp_led\led.c(35): warning:  #1-D: last line of file ends without a newline
compiling key.c...
..\..\HardWare\bsp_led\led.h(18): warning:  #1-D: last line of file ends without a newline
..\..\Task\bsp_task_led\task_led.h(17): warning:  #1-D: last line of file ends without a newline
..\..\User\bsp_board\board.h(18): warning:  #1-D: last line of file ends without a newline
..\..\HardWare\bsp_key\key.h(19): warning:  #1-D: last line of file ends without a newline
..\..\Task\bsp_task_key\task_key.h(16): warning:  #1-D: last line of file ends without a newline
..\..\User\bsp_includes\includes.h(45): warning:  #1-D: last line of file ends without a newline
..\..\HardWare\bsp_key\key.c(51): warning:  #940-D: missing return statement at end of non-void function "Key1_Scan"
..\..\HardWare\bsp_key\key.c(70): warning:  #1-D: last line of file ends without a newline
..\..\HardWare\bsp_key\key.c(70): warning:  #940-D: missing return statement at end of non-void function "Key2_Scan"
compiling task_led.c...
..\..\HardWare\bsp_led\led.h(18): warning:  #1-D: last line of file ends without a newline
..\..\Task\bsp_task_led\task_led.h(17): warning:  #1-D: last line of file ends without a newline
..\..\User\bsp_board\board.h(18): warning:  #1-D: last line of file ends without a newline
..\..\HardWare\bsp_key\key.h(19): warning:  #1-D: last line of file ends without a newline
..\..\Task\bsp_task_key\task_key.h(16): warning:  #1-D: last line of file ends without a newline
..\..\User\bsp_includes\includes.h(45): warning:  #1-D: last line of file ends without a newline
..\..\Task\bsp_task_led\task_led.c(66): warning:  #1-D: last line of file ends without a newline
compiling task_key.c...
..\..\HardWare\bsp_led\led.h(18): warning:  #1-D: last line of file ends without a newline
..\..\Task\bsp_task_led\task_led.h(17): warning:  #1-D: last line of file ends without a newline
..\..\User\bsp_board\board.h(18): warning:  #1-D: last line of file ends without a newline
..\..\HardWare\bsp_key\key.h(19): warning:  #1-D: last line of file ends without a newline
..\..\Task\bsp_task_key\task_key.h(16): warning:  #1-D: last line of file ends without a newline
..\..\User\bsp_includes\includes.h(45): warning:  #1-D: last line of file ends without a newline
..\..\Task\bsp_task_key\task_key.c(33): warning:  #1-D: last line of file ends without a newline
linking...
Program Size: Code=8188 RO-data=336 RW-data=136 ZI-data=19240  
FromELF: creating hex file...
"..\..\Output\ISO_Template.axf" - 0 Errors, 44 Warning(s).
Build target 'ISO_Template'
linking...
Program Size: Code=8188 RO-data=336 RW-data=136 ZI-data=19240  
FromELF: creating hex file...
"..\..\Output\ISO_Template.axf" - 0 Errors, 0 Warning(s).
Build target 'ISO_Template'
compiling core_cm3.c...
compiling system_stm32f10x.c...
compiling misc.c...
compiling stm32f10x_adc.c...
compiling stm32f10x_bkp.c...
compiling stm32f10x_can.c...
compiling stm32f10x_cec.c...
compiling stm32f10x_crc.c...
compiling stm32f10x_dac.c...
compiling stm32f10x_dbgmcu.c...
compiling stm32f10x_dma.c...
compiling stm32f10x_exti.c...
compiling stm32f10x_flash.c...
compiling stm32f10x_fsmc.c...
compiling stm32f10x_gpio.c...
compiling stm32f10x_i2c.c...
compiling stm32f10x_iwdg.c...
compiling stm32f10x_pwr.c...
compiling stm32f10x_rcc.c...
compiling stm32f10x_rtc.c...
compiling stm32f10x_sdio.c...
compiling stm32f10x_spi.c...
compiling stm32f10x_tim.c...
compiling stm32f10x_usart.c...
compiling stm32f10x_wwdg.c...
compiling main.c...
..\..\HardWare\bsp_led\led.h(18): warning:  #1-D: last line of file ends without a newline
..\..\Task\bsp_task_led\task_led.h(17): warning:  #1-D: last line of file ends without a newline
..\..\User\bsp_board\board.h(18): warning:  #1-D: last line of file ends without a newline
..\..\HardWare\bsp_key\key.h(19): warning:  #1-D: last line of file ends without a newline
..\..\Task\bsp_task_key\task_key.h(16): warning:  #1-D: last line of file ends without a newline
..\..\HardWare\bsp_usart1\usart1.h(15): warning:  #1-D: last line of file ends without a newline
..\..\User\bsp_includes\includes.h(46): warning:  #1-D: last line of file ends without a newline
..\..\User\main.c(56): warning:  #1-D: last line of file ends without a newline
compiling stm32f10x_it.c...
compiling board.c...
..\..\HardWare\bsp_led\led.h(18): warning:  #1-D: last line of file ends without a newline
..\..\Task\bsp_task_led\task_led.h(17): warning:  #1-D: last line of file ends without a newline
..\..\User\bsp_board\board.h(18): warning:  #1-D: last line of file ends without a newline
..\..\HardWare\bsp_key\key.h(19): warning:  #1-D: last line of file ends without a newline
..\..\Task\bsp_task_key\task_key.h(16): warning:  #1-D: last line of file ends without a newline
..\..\HardWare\bsp_usart1\usart1.h(15): warning:  #1-D: last line of file ends without a newline
..\..\User\bsp_includes\includes.h(46): warning:  #1-D: last line of file ends without a newline
..\..\User\bsp_board\board.c(26): warning:  #1-D: last line of file ends without a newline
compiling croutine.c...
compiling event_groups.c...
compiling list.c...
compiling queue.c...
compiling tasks.c...
compiling timers.c...
compiling heap_4.c...
compiling port.c...
compiling led.c...
..\..\HardWare\bsp_led\led.h(18): warning:  #1-D: last line of file ends without a newline
..\..\Task\bsp_task_led\task_led.h(17): warning:  #1-D: last line of file ends without a newline
..\..\User\bsp_board\board.h(18): warning:  #1-D: last line of file ends without a newline
..\..\HardWare\bsp_key\key.h(19): warning:  #1-D: last line of file ends without a newline
..\..\Task\bsp_task_key\task_key.h(16): warning:  #1-D: last line of file ends without a newline
..\..\HardWare\bsp_usart1\usart1.h(15): warning:  #1-D: last line of file ends without a newline
..\..\User\bsp_includes\includes.h(46): warning:  #1-D: last line of file ends without a newline
..\..\HardWare\bsp_led\led.c(35): warning:  #1-D: last line of file ends without a newline
compiling key.c...
..\..\HardWare\bsp_led\led.h(18): warning:  #1-D: last line of file ends without a newline
..\..\Task\bsp_task_led\task_led.h(17): warning:  #1-D: last line of file ends without a newline
..\..\User\bsp_board\board.h(18): warning:  #1-D: last line of file ends without a newline
..\..\HardWare\bsp_key\key.h(19): warning:  #1-D: last line of file ends without a newline
..\..\Task\bsp_task_key\task_key.h(16): warning:  #1-D: last line of file ends without a newline
..\..\HardWare\bsp_usart1\usart1.h(15): warning:  #1-D: last line of file ends without a newline
..\..\User\bsp_includes\includes.h(46): warning:  #1-D: last line of file ends without a newline
..\..\HardWare\bsp_key\key.c(51): warning:  #940-D: missing return statement at end of non-void function "Key1_Scan"
..\..\HardWare\bsp_key\key.c(70): warning:  #1-D: last line of file ends without a newline
..\..\HardWare\bsp_key\key.c(70): warning:  #940-D: missing return statement at end of non-void function "Key2_Scan"
compiling usart1.c...
..\..\HardWare\bsp_led\led.h(18): warning:  #1-D: last line of file ends without a newline
..\..\Task\bsp_task_led\task_led.h(17): warning:  #1-D: last line of file ends without a newline
..\..\User\bsp_board\board.h(18): warning:  #1-D: last line of file ends without a newline
..\..\HardWare\bsp_key\key.h(19): warning:  #1-D: last line of file ends without a newline
..\..\Task\bsp_task_key\task_key.h(16): warning:  #1-D: last line of file ends without a newline
..\..\HardWare\bsp_usart1\usart1.h(15): warning:  #1-D: last line of file ends without a newline
..\..\User\bsp_includes\includes.h(46): warning:  #1-D: last line of file ends without a newline
..\..\HardWare\bsp_usart1\usart1.c(42): warning:  #1-D: last line of file ends without a newline
compiling task_led.c...
..\..\HardWare\bsp_led\led.h(18): warning:  #1-D: last line of file ends without a newline
..\..\Task\bsp_task_led\task_led.h(17): warning:  #1-D: last line of file ends without a newline
..\..\User\bsp_board\board.h(18): warning:  #1-D: last line of file ends without a newline
..\..\HardWare\bsp_key\key.h(19): warning:  #1-D: last line of file ends without a newline
..\..\Task\bsp_task_key\task_key.h(16): warning:  #1-D: last line of file ends without a newline
..\..\HardWare\bsp_usart1\usart1.h(15): warning:  #1-D: last line of file ends without a newline
..\..\User\bsp_includes\includes.h(46): warning:  #1-D: last line of file ends without a newline
..\..\Task\bsp_task_led\task_led.c(66): warning:  #1-D: last line of file ends without a newline
compiling task_key.c...
..\..\HardWare\bsp_led\led.h(18): warning:  #1-D: last line of file ends without a newline
..\..\Task\bsp_task_led\task_led.h(17): warning:  #1-D: last line of file ends without a newline
..\..\User\bsp_board\board.h(18): warning:  #1-D: last line of file ends without a newline
..\..\HardWare\bsp_key\key.h(19): warning:  #1-D: last line of file ends without a newline
..\..\Task\bsp_task_key\task_key.h(16): warning:  #1-D: last line of file ends without a newline
..\..\HardWare\bsp_usart1\usart1.h(15): warning:  #1-D: last line of file ends without a newline
..\..\User\bsp_includes\includes.h(46): warning:  #1-D: last line of file ends without a newline
..\..\Task\bsp_task_key\task_key.c(33): warning:  #1-D: last line of file ends without a newline
linking...
Program Size: Code=8188 RO-data=336 RW-data=136 ZI-data=19240  
FromELF: creating hex file...
"..\..\Output\ISO_Template.axf" - 0 Errors, 58 Warning(s).
Build target 'ISO_Template'
compiling main.c...
..\..\HardWare\bsp_led\led.h(18): warning:  #1-D: last line of file ends without a newline
..\..\Task\bsp_task_led\task_led.h(17): warning:  #1-D: last line of file ends without a newline
..\..\User\bsp_board\board.h(18): warning:  #1-D: last line of file ends without a newline
..\..\HardWare\bsp_key\key.h(19): warning:  #1-D: last line of file ends without a newline
..\..\Task\bsp_task_key\task_key.h(16): warning:  #1-D: last line of file ends without a newline
..\..\HardWare\bsp_usart1\usart1.h(17): warning:  #1-D: last line of file ends without a newline
..\..\User\bsp_includes\includes.h(46): warning:  #1-D: last line of file ends without a newline
..\..\User\main.c(56): warning:  #1-D: last line of file ends without a newline
compiling board.c...
..\..\HardWare\bsp_led\led.h(18): warning:  #1-D: last line of file ends without a newline
..\..\Task\bsp_task_led\task_led.h(17): warning:  #1-D: last line of file ends without a newline
..\..\User\bsp_board\board.h(18): warning:  #1-D: last line of file ends without a newline
..\..\HardWare\bsp_key\key.h(19): warning:  #1-D: last line of file ends without a newline
..\..\Task\bsp_task_key\task_key.h(16): warning:  #1-D: last line of file ends without a newline
..\..\HardWare\bsp_usart1\usart1.h(17): warning:  #1-D: last line of file ends without a newline
..\..\User\bsp_includes\includes.h(46): warning:  #1-D: last line of file ends without a newline
..\..\User\bsp_board\board.c(26): warning:  #1-D: last line of file ends without a newline
compiling led.c...
..\..\HardWare\bsp_led\led.h(18): warning:  #1-D: last line of file ends without a newline
..\..\Task\bsp_task_led\task_led.h(17): warning:  #1-D: last line of file ends without a newline
..\..\User\bsp_board\board.h(18): warning:  #1-D: last line of file ends without a newline
..\..\HardWare\bsp_key\key.h(19): warning:  #1-D: last line of file ends without a newline
..\..\Task\bsp_task_key\task_key.h(16): warning:  #1-D: last line of file ends without a newline
..\..\HardWare\bsp_usart1\usart1.h(17): warning:  #1-D: last line of file ends without a newline
..\..\User\bsp_includes\includes.h(46): warning:  #1-D: last line of file ends without a newline
..\..\HardWare\bsp_led\led.c(35): warning:  #1-D: last line of file ends without a newline
compiling key.c...
..\..\HardWare\bsp_led\led.h(18): warning:  #1-D: last line of file ends without a newline
..\..\Task\bsp_task_led\task_led.h(17): warning:  #1-D: last line of file ends without a newline
..\..\User\bsp_board\board.h(18): warning:  #1-D: last line of file ends without a newline
..\..\HardWare\bsp_key\key.h(19): warning:  #1-D: last line of file ends without a newline
..\..\Task\bsp_task_key\task_key.h(16): warning:  #1-D: last line of file ends without a newline
..\..\HardWare\bsp_usart1\usart1.h(17): warning:  #1-D: last line of file ends without a newline
..\..\User\bsp_includes\includes.h(46): warning:  #1-D: last line of file ends without a newline
..\..\HardWare\bsp_key\key.c(51): warning:  #940-D: missing return statement at end of non-void function "Key1_Scan"
..\..\HardWare\bsp_key\key.c(70): warning:  #1-D: last line of file ends without a newline
..\..\HardWare\bsp_key\key.c(70): warning:  #940-D: missing return statement at end of non-void function "Key2_Scan"
compiling usart1.c...
..\..\HardWare\bsp_led\led.h(18): warning:  #1-D: last line of file ends without a newline
..\..\Task\bsp_task_led\task_led.h(17): warning:  #1-D: last line of file ends without a newline
..\..\User\bsp_board\board.h(18): warning:  #1-D: last line of file ends without a newline
..\..\HardWare\bsp_key\key.h(19): warning:  #1-D: last line of file ends without a newline
..\..\Task\bsp_task_key\task_key.h(16): warning:  #1-D: last line of file ends without a newline
..\..\HardWare\bsp_usart1\usart1.h(17): warning:  #1-D: last line of file ends without a newline
..\..\User\bsp_includes\includes.h(46): warning:  #1-D: last line of file ends without a newline
..\..\HardWare\bsp_usart1\usart1.c(42): warning:  #1-D: last line of file ends without a newline
compiling task_led.c...
..\..\HardWare\bsp_led\led.h(18): warning:  #1-D: last line of file ends without a newline
..\..\Task\bsp_task_led\task_led.h(17): warning:  #1-D: last line of file ends without a newline
..\..\User\bsp_board\board.h(18): warning:  #1-D: last line of file ends without a newline
..\..\HardWare\bsp_key\key.h(19): warning:  #1-D: last line of file ends without a newline
..\..\Task\bsp_task_key\task_key.h(16): warning:  #1-D: last line of file ends without a newline
..\..\HardWare\bsp_usart1\usart1.h(17): warning:  #1-D: last line of file ends without a newline
..\..\User\bsp_includes\includes.h(46): warning:  #1-D: last line of file ends without a newline
..\..\Task\bsp_task_led\task_led.c(66): warning:  #1-D: last line of file ends without a newline
compiling task_key.c...
..\..\HardWare\bsp_led\led.h(18): warning:  #1-D: last line of file ends without a newline
..\..\Task\bsp_task_led\task_led.h(17): warning:  #1-D: last line of file ends without a newline
..\..\User\bsp_board\board.h(18): warning:  #1-D: last line of file ends without a newline
..\..\HardWare\bsp_key\key.h(19): warning:  #1-D: last line of file ends without a newline
..\..\Task\bsp_task_key\task_key.h(16): warning:  #1-D: last line of file ends without a newline
..\..\HardWare\bsp_usart1\usart1.h(17): warning:  #1-D: last line of file ends without a newline
..\..\User\bsp_includes\includes.h(46): warning:  #1-D: last line of file ends without a newline
..\..\Task\bsp_task_key\task_key.c(33): warning:  #1-D: last line of file ends without a newline
linking...
Program Size: Code=8188 RO-data=336 RW-data=136 ZI-data=19240  
FromELF: creating hex file...
"..\..\Output\ISO_Template.axf" - 0 Errors, 58 Warning(s).
Build target 'ISO_Template'
linking...
Program Size: Code=8188 RO-data=336 RW-data=136 ZI-data=19240  
FromELF: creating hex file...
"..\..\Output\ISO_Template.axf" - 0 Errors, 0 Warning(s).
Build target 'ISO_Template'
assembling startup_stm32f10x_hd.s...
compiling core_cm3.c...
compiling system_stm32f10x.c...
compiling misc.c...
compiling stm32f10x_adc.c...
compiling stm32f10x_bkp.c...
compiling stm32f10x_can.c...
compiling stm32f10x_cec.c...
compiling stm32f10x_crc.c...
compiling stm32f10x_dac.c...
compiling stm32f10x_dbgmcu.c...
compiling stm32f10x_dma.c...
compiling stm32f10x_exti.c...
compiling stm32f10x_flash.c...
compiling stm32f10x_fsmc.c...
compiling stm32f10x_gpio.c...
compiling stm32f10x_i2c.c...
compiling stm32f10x_iwdg.c...
compiling stm32f10x_pwr.c...
compiling stm32f10x_rcc.c...
compiling stm32f10x_rtc.c...
compiling stm32f10x_sdio.c...
compiling stm32f10x_spi.c...
compiling stm32f10x_tim.c...
compiling stm32f10x_usart.c...
compiling stm32f10x_wwdg.c...
compiling main.c...
..\..\HardWare\bsp_led\led.h(18): warning:  #1-D: last line of file ends without a newline
..\..\Task\bsp_task_led\task_led.h(17): warning:  #1-D: last line of file ends without a newline
..\..\User\bsp_board\board.h(18): warning:  #1-D: last line of file ends without a newline
..\..\HardWare\bsp_key\key.h(19): warning:  #1-D: last line of file ends without a newline
..\..\Task\bsp_task_key\task_key.h(16): warning:  #1-D: last line of file ends without a newline
..\..\HardWare\bsp_usart1\usart1.h(17): warning:  #1-D: last line of file ends without a newline
..\..\User\bsp_includes\includes.h(46): warning:  #1-D: last line of file ends without a newline
..\..\User\main.c(56): warning:  #1-D: last line of file ends without a newline
compiling stm32f10x_it.c...
compiling board.c...
..\..\HardWare\bsp_led\led.h(18): warning:  #1-D: last line of file ends without a newline
..\..\Task\bsp_task_led\task_led.h(17): warning:  #1-D: last line of file ends without a newline
..\..\User\bsp_board\board.h(18): warning:  #1-D: last line of file ends without a newline
..\..\HardWare\bsp_key\key.h(19): warning:  #1-D: last line of file ends without a newline
..\..\Task\bsp_task_key\task_key.h(16): warning:  #1-D: last line of file ends without a newline
..\..\HardWare\bsp_usart1\usart1.h(17): warning:  #1-D: last line of file ends without a newline
..\..\User\bsp_includes\includes.h(46): warning:  #1-D: last line of file ends without a newline
..\..\User\bsp_board\board.c(26): warning:  #1-D: last line of file ends without a newline
compiling croutine.c...
compiling event_groups.c...
compiling list.c...
compiling queue.c...
compiling tasks.c...
compiling timers.c...
compiling heap_4.c...
compiling port.c...
compiling led.c...
..\..\HardWare\bsp_led\led.h(18): warning:  #1-D: last line of file ends without a newline
..\..\Task\bsp_task_led\task_led.h(17): warning:  #1-D: last line of file ends without a newline
..\..\User\bsp_board\board.h(18): warning:  #1-D: last line of file ends without a newline
..\..\HardWare\bsp_key\key.h(19): warning:  #1-D: last line of file ends without a newline
..\..\Task\bsp_task_key\task_key.h(16): warning:  #1-D: last line of file ends without a newline
..\..\HardWare\bsp_usart1\usart1.h(17): warning:  #1-D: last line of file ends without a newline
..\..\User\bsp_includes\includes.h(46): warning:  #1-D: last line of file ends without a newline
..\..\HardWare\bsp_led\led.c(35): warning:  #1-D: last line of file ends without a newline
compiling key.c...
..\..\HardWare\bsp_led\led.h(18): warning:  #1-D: last line of file ends without a newline
..\..\Task\bsp_task_led\task_led.h(17): warning:  #1-D: last line of file ends without a newline
..\..\User\bsp_board\board.h(18): warning:  #1-D: last line of file ends without a newline
..\..\HardWare\bsp_key\key.h(19): warning:  #1-D: last line of file ends without a newline
..\..\Task\bsp_task_key\task_key.h(16): warning:  #1-D: last line of file ends without a newline
..\..\HardWare\bsp_usart1\usart1.h(17): warning:  #1-D: last line of file ends without a newline
..\..\User\bsp_includes\includes.h(46): warning:  #1-D: last line of file ends without a newline
..\..\HardWare\bsp_key\key.c(51): warning:  #940-D: missing return statement at end of non-void function "Key1_Scan"
..\..\HardWare\bsp_key\key.c(70): warning:  #1-D: last line of file ends without a newline
..\..\HardWare\bsp_key\key.c(70): warning:  #940-D: missing return statement at end of non-void function "Key2_Scan"
compiling usart1.c...
..\..\HardWare\bsp_led\led.h(18): warning:  #1-D: last line of file ends without a newline
..\..\Task\bsp_task_led\task_led.h(17): warning:  #1-D: last line of file ends without a newline
..\..\User\bsp_board\board.h(18): warning:  #1-D: last line of file ends without a newline
..\..\HardWare\bsp_key\key.h(19): warning:  #1-D: last line of file ends without a newline
..\..\Task\bsp_task_key\task_key.h(16): warning:  #1-D: last line of file ends without a newline
..\..\HardWare\bsp_usart1\usart1.h(17): warning:  #1-D: last line of file ends without a newline
..\..\User\bsp_includes\includes.h(46): warning:  #1-D: last line of file ends without a newline
..\..\HardWare\bsp_usart1\usart1.c(51): warning:  #1-D: last line of file ends without a newline
compiling task_led.c...
..\..\HardWare\bsp_led\led.h(18): warning:  #1-D: last line of file ends without a newline
..\..\Task\bsp_task_led\task_led.h(17): warning:  #1-D: last line of file ends without a newline
..\..\User\bsp_board\board.h(18): warning:  #1-D: last line of file ends without a newline
..\..\HardWare\bsp_key\key.h(19): warning:  #1-D: last line of file ends without a newline
..\..\Task\bsp_task_key\task_key.h(16): warning:  #1-D: last line of file ends without a newline
..\..\HardWare\bsp_usart1\usart1.h(17): warning:  #1-D: last line of file ends without a newline
..\..\User\bsp_includes\includes.h(46): warning:  #1-D: last line of file ends without a newline
..\..\Task\bsp_task_led\task_led.c(66): warning:  #1-D: last line of file ends without a newline
compiling task_key.c...
..\..\HardWare\bsp_led\led.h(18): warning:  #1-D: last line of file ends without a newline
..\..\Task\bsp_task_led\task_led.h(17): warning:  #1-D: last line of file ends without a newline
..\..\User\bsp_board\board.h(18): warning:  #1-D: last line of file ends without a newline
..\..\HardWare\bsp_key\key.h(19): warning:  #1-D: last line of file ends without a newline
..\..\Task\bsp_task_key\task_key.h(16): warning:  #1-D: last line of file ends without a newline
..\..\HardWare\bsp_usart1\usart1.h(17): warning:  #1-D: last line of file ends without a newline
..\..\User\bsp_includes\includes.h(46): warning:  #1-D: last line of file ends without a newline
..\..\Task\bsp_task_key\task_key.c(33): warning:  #1-D: last line of file ends without a newline
linking...
Program Size: Code=7976 RO-data=336 RW-data=136 ZI-data=18632  
FromELF: creating hex file...
"..\..\Output\ISO_Template.axf" - 0 Errors, 58 Warning(s).
Build target 'ISO_Template'
compiling usart1.c...
..\..\HardWare\bsp_led\led.h(18): warning:  #1-D: last line of file ends without a newline
..\..\Task\bsp_task_led\task_led.h(17): warning:  #1-D: last line of file ends without a newline
..\..\User\bsp_board\board.h(18): warning:  #1-D: last line of file ends without a newline
..\..\HardWare\bsp_key\key.h(19): warning:  #1-D: last line of file ends without a newline
..\..\Task\bsp_task_key\task_key.h(16): warning:  #1-D: last line of file ends without a newline
..\..\HardWare\bsp_usart1\usart1.h(17): warning:  #1-D: last line of file ends without a newline
..\..\User\bsp_includes\includes.h(46): warning:  #1-D: last line of file ends without a newline
..\..\HardWare\bsp_usart1\usart1.c(51): warning:  #1-D: last line of file ends without a newline
linking...
Program Size: Code=7976 RO-data=336 RW-data=136 ZI-data=18632  
FromELF: creating hex file...
"..\..\Output\ISO_Template.axf" - 0 Errors, 8 Warning(s).
Build target 'ISO_Template'
linking...
Program Size: Code=7976 RO-data=336 RW-data=136 ZI-data=18632  
FromELF: creating hex file...
"..\..\Output\ISO_Template.axf" - 0 Errors, 0 Warning(s).
Build target 'ISO_Template'
linking...
Program Size: Code=7976 RO-data=336 RW-data=136 ZI-data=18632  
FromELF: creating hex file...
"..\..\Output\ISO_Template.axf" - 0 Errors, 0 Warning(s).
Build target 'ISO_Template'
compiling core_cm3.c...
compiling system_stm32f10x.c...
compiling misc.c...
compiling stm32f10x_adc.c...
compiling stm32f10x_bkp.c...
compiling stm32f10x_can.c...
compiling stm32f10x_cec.c...
compiling stm32f10x_crc.c...
compiling stm32f10x_dac.c...
compiling stm32f10x_dbgmcu.c...
compiling stm32f10x_dma.c...
compiling stm32f10x_exti.c...
compiling stm32f10x_flash.c...
compiling stm32f10x_fsmc.c...
compiling stm32f10x_gpio.c...
compiling stm32f10x_i2c.c...
compiling stm32f10x_iwdg.c...
compiling stm32f10x_pwr.c...
compiling stm32f10x_rcc.c...
compiling stm32f10x_rtc.c...
compiling stm32f10x_sdio.c...
compiling stm32f10x_spi.c...
compiling stm32f10x_tim.c...
compiling stm32f10x_usart.c...
compiling stm32f10x_wwdg.c...
compiling main.c...
..\..\HardWare\bsp_led\led.h(18): warning:  #1-D: last line of file ends without a newline
..\..\Task\bsp_task_led\task_led.h(17): warning:  #1-D: last line of file ends without a newline
..\..\User\bsp_board\board.h(18): warning:  #1-D: last line of file ends without a newline
..\..\HardWare\bsp_key\key.h(19): warning:  #1-D: last line of file ends without a newline
..\..\Task\bsp_task_key\task_key.h(16): warning:  #1-D: last line of file ends without a newline
..\..\HardWare\bsp_usart1\usart1.h(17): warning:  #1-D: last line of file ends without a newline
..\..\User\bsp_includes\includes.h(46): warning:  #1-D: last line of file ends without a newline
..\..\User\main.c(56): warning:  #1-D: last line of file ends without a newline
compiling stm32f10x_it.c...
compiling board.c...
..\..\HardWare\bsp_led\led.h(18): warning:  #1-D: last line of file ends without a newline
..\..\Task\bsp_task_led\task_led.h(17): warning:  #1-D: last line of file ends without a newline
..\..\User\bsp_board\board.h(18): warning:  #1-D: last line of file ends without a newline
..\..\HardWare\bsp_key\key.h(19): warning:  #1-D: last line of file ends without a newline
..\..\Task\bsp_task_key\task_key.h(16): warning:  #1-D: last line of file ends without a newline
..\..\HardWare\bsp_usart1\usart1.h(17): warning:  #1-D: last line of file ends without a newline
..\..\User\bsp_includes\includes.h(46): warning:  #1-D: last line of file ends without a newline
..\..\User\bsp_board\board.c(26): warning:  #1-D: last line of file ends without a newline
compiling croutine.c...
compiling event_groups.c...
compiling list.c...
compiling queue.c...
compiling tasks.c...
compiling timers.c...
compiling heap_4.c...
compiling port.c...
compiling led.c...
..\..\HardWare\bsp_led\led.h(18): warning:  #1-D: last line of file ends without a newline
..\..\Task\bsp_task_led\task_led.h(17): warning:  #1-D: last line of file ends without a newline
..\..\User\bsp_board\board.h(18): warning:  #1-D: last line of file ends without a newline
..\..\HardWare\bsp_key\key.h(19): warning:  #1-D: last line of file ends without a newline
..\..\Task\bsp_task_key\task_key.h(16): warning:  #1-D: last line of file ends without a newline
..\..\HardWare\bsp_usart1\usart1.h(17): warning:  #1-D: last line of file ends without a newline
..\..\User\bsp_includes\includes.h(46): warning:  #1-D: last line of file ends without a newline
..\..\HardWare\bsp_led\led.c(35): warning:  #1-D: last line of file ends without a newline
compiling key.c...
..\..\HardWare\bsp_led\led.h(18): warning:  #1-D: last line of file ends without a newline
..\..\Task\bsp_task_led\task_led.h(17): warning:  #1-D: last line of file ends without a newline
..\..\User\bsp_board\board.h(18): warning:  #1-D: last line of file ends without a newline
..\..\HardWare\bsp_key\key.h(19): warning:  #1-D: last line of file ends without a newline
..\..\Task\bsp_task_key\task_key.h(16): warning:  #1-D: last line of file ends without a newline
..\..\HardWare\bsp_usart1\usart1.h(17): warning:  #1-D: last line of file ends without a newline
..\..\User\bsp_includes\includes.h(46): warning:  #1-D: last line of file ends without a newline
..\..\HardWare\bsp_key\key.c(51): warning:  #940-D: missing return statement at end of non-void function "Key1_Scan"
..\..\HardWare\bsp_key\key.c(70): warning:  #1-D: last line of file ends without a newline
..\..\HardWare\bsp_key\key.c(70): warning:  #940-D: missing return statement at end of non-void function "Key2_Scan"
compiling usart1.c...
..\..\HardWare\bsp_led\led.h(18): warning:  #1-D: last line of file ends without a newline
..\..\Task\bsp_task_led\task_led.h(17): warning:  #1-D: last line of file ends without a newline
..\..\User\bsp_board\board.h(18): warning:  #1-D: last line of file ends without a newline
..\..\HardWare\bsp_key\key.h(19): warning:  #1-D: last line of file ends without a newline
..\..\Task\bsp_task_key\task_key.h(16): warning:  #1-D: last line of file ends without a newline
..\..\HardWare\bsp_usart1\usart1.h(17): warning:  #1-D: last line of file ends without a newline
..\..\User\bsp_includes\includes.h(46): warning:  #1-D: last line of file ends without a newline
..\..\HardWare\bsp_usart1\usart1.c(51): warning:  #1-D: last line of file ends without a newline
compiling task_led.c...
..\..\HardWare\bsp_led\led.h(18): warning:  #1-D: last line of file ends without a newline
..\..\Task\bsp_task_led\task_led.h(17): warning:  #1-D: last line of file ends without a newline
..\..\User\bsp_board\board.h(18): warning:  #1-D: last line of file ends without a newline
..\..\HardWare\bsp_key\key.h(19): warning:  #1-D: last line of file ends without a newline
..\..\Task\bsp_task_key\task_key.h(16): warning:  #1-D: last line of file ends without a newline
..\..\HardWare\bsp_usart1\usart1.h(17): warning:  #1-D: last line of file ends without a newline
..\..\User\bsp_includes\includes.h(46): warning:  #1-D: last line of file ends without a newline
..\..\Task\bsp_task_led\task_led.c(66): warning:  #1-D: last line of file ends without a newline
compiling task_key.c...
..\..\HardWare\bsp_led\led.h(18): warning:  #1-D: last line of file ends without a newline
..\..\Task\bsp_task_led\task_led.h(17): warning:  #1-D: last line of file ends without a newline
..\..\User\bsp_board\board.h(18): warning:  #1-D: last line of file ends without a newline
..\..\HardWare\bsp_key\key.h(19): warning:  #1-D: last line of file ends without a newline
..\..\Task\bsp_task_key\task_key.h(16): warning:  #1-D: last line of file ends without a newline
..\..\HardWare\bsp_usart1\usart1.h(17): warning:  #1-D: last line of file ends without a newline
..\..\User\bsp_includes\includes.h(46): warning:  #1-D: last line of file ends without a newline
..\..\Task\bsp_task_key\task_key.c(33): warning:  #1-D: last line of file ends without a newline
compiling task_usart1.c...
..\..\HardWare\bsp_led\led.h(18): warning:  #1-D: last line of file ends without a newline
..\..\Task\bsp_task_led\task_led.h(17): warning:  #1-D: last line of file ends without a newline
..\..\User\bsp_board\board.h(18): warning:  #1-D: last line of file ends without a newline
..\..\HardWare\bsp_key\key.h(19): warning:  #1-D: last line of file ends without a newline
..\..\Task\bsp_task_key\task_key.h(16): warning:  #1-D: last line of file ends without a newline
..\..\HardWare\bsp_usart1\usart1.h(17): warning:  #1-D: last line of file ends without a newline
..\..\User\bsp_includes\includes.h(46): warning:  #1-D: last line of file ends without a newline
..\..\Task\bsp_task_usart1\task_usart1.c(14): warning:  #1-D: last line of file ends without a newline
linking...
Program Size: Code=7976 RO-data=336 RW-data=136 ZI-data=18632  
FromELF: creating hex file...
"..\..\Output\ISO_Template.axf" - 0 Errors, 66 Warning(s).
Build target 'ISO_Template'
compiling task_usart1.c...
..\..\HardWare\bsp_led\led.h(18): warning:  #1-D: last line of file ends without a newline
..\..\Task\bsp_task_led\task_led.h(17): warning:  #1-D: last line of file ends without a newline
..\..\User\bsp_board\board.h(18): warning:  #1-D: last line of file ends without a newline
..\..\HardWare\bsp_key\key.h(19): warning:  #1-D: last line of file ends without a newline
..\..\Task\bsp_task_key\task_key.h(16): warning:  #1-D: last line of file ends without a newline
..\..\HardWare\bsp_usart1\usart1.h(17): warning:  #1-D: last line of file ends without a newline
..\..\User\bsp_includes\includes.h(46): warning:  #1-D: last line of file ends without a newline
..\..\Task\bsp_task_usart1\task_usart1.c(14): warning:  #1-D: last line of file ends without a newline
linking...
Program Size: Code=7976 RO-data=336 RW-data=136 ZI-data=18632  
FromELF: creating hex file...
"..\..\Output\ISO_Template.axf" - 0 Errors, 8 Warning(s).
Build target 'ISO_Template'
linking...
Program Size: Code=7976 RO-data=336 RW-data=136 ZI-data=18632  
FromELF: creating hex file...
"..\..\Output\ISO_Template.axf" - 0 Errors, 0 Warning(s).
Build target 'ISO_Template'
compiling main.c...
..\..\HardWare\bsp_led\led.h(18): warning:  #1-D: last line of file ends without a newline
..\..\Task\bsp_task_led\task_led.h(17): warning:  #1-D: last line of file ends without a newline
..\..\User\bsp_board\board.h(18): warning:  #1-D: last line of file ends without a newline
..\..\HardWare\bsp_key\key.h(19): warning:  #1-D: last line of file ends without a newline
..\..\Task\bsp_task_key\task_key.h(16): warning:  #1-D: last line of file ends without a newline
..\..\HardWare\bsp_usart1\usart1.h(17): warning:  #1-D: last line of file ends without a newline
..\..\User\bsp_includes\includes.h(46): warning:  #1-D: last line of file ends without a newline
..\..\User\main.c(56): warning:  #1-D: last line of file ends without a newline
compiling board.c...
..\..\HardWare\bsp_led\led.h(18): warning:  #1-D: last line of file ends without a newline
[...]
..\..\Task\bsp_task_led\task_led.h(17): warning:  #1-D: last line of file ends without a newline
..\..\User\bsp_board\board.h(18): warning:  #1-D: last line of file ends without a newline
..\..\HardWare\bsp_key\key.h(19): warning:  #1-D: last line of file ends without a newline
..\..\Task\bsp_task_key\task_key.h(16): warning:  #1-D: last line of file ends without a newline
..\..\HardWare\bsp_usart1\usart1.h(17): warning:  #1-D: last line of file ends without a newline
..\..\User\bsp_includes\includes.h(46): warning:  #1-D: last line of file ends without a newline
..\..\HardWare\bsp_usart1\usart1.c(51): warning:  #1-D: last line of file ends without a newline
compiling task_led.c...
..\..\HardWare\bsp_led\led.h(18): warning:  #1-D: last line of file ends without a newline
..\..\Task\bsp_task_led\task_led.h(17): warning:  #1-D: last line of file ends without a newline
..\..\User\bsp_board\board.h(18): warning:  #1-D: last line of file ends without a newline
..\..\HardWare\bsp_key\key.h(19): warning:  #1-D: last line of file ends without a newline
..\..\Task\bsp_task_key\task_key.h(16): warning:  #1-D: last line of file ends without a newline
..\..\HardWare\bsp_usart1\usart1.h(17): warning:  #1-D: last line of file ends without a newline
..\..\User\bsp_includes\includes.h(46): warning:  #1-D: last line of file ends without a newline
..\..\Task\bsp_task_led\task_led.c(66): warning:  #1-D: last line of file ends without a newline
compiling task_key.c...
..\..\HardWare\bsp_led\led.h(18): warning:  #1-D: last line of file ends without a newline
..\..\Task\bsp_task_led\task_led.h(17): warning:  #1-D: last line of file ends without a newline
..\..\User\bsp_board\board.h(18): warning:  #1-D: last line of file ends without a newline
..\..\HardWare\bsp_key\key.h(19): warning:  #1-D: last line of file ends without a newline
..\..\Task\bsp_task_key\task_key.h(16): warning:  #1-D: last line of file ends without a newline
..\..\HardWare\bsp_usart1\usart1.h(17): warning:  #1-D: last line of file ends without a newline
..\..\User\bsp_includes\includes.h(46): warning:  #1-D: last line of file ends without a newline
..\..\Task\bsp_task_key\task_key.c(38): warning:  #1-D: last line of file ends without a newline
linking...
Program Size: Code=10816 RO-data=336 RW-data=144 ZI-data=18632  
FromELF: creating hex file...
"..\..\Output\ISO_Template.axf" - 0 Errors, 58 Warning(s).
Build target 'ISO_Template'
compiling main.c...
..\..\HardWare\bsp_led\led.h(18): warning:  #1-D: last line of file ends without a newline
..\..\Task\bsp_task_led\task_led.h(17): warning:  #1-D: last line of file ends without a newline
..\..\User\bsp_board\board.h(18): warning:  #1-D: last line of file ends without a newline
..\..\HardWare\bsp_key\key.h(19): warning:  #1-D: last line of file ends without a newline
..\..\Task\bsp_task_key\task_key.h(16): warning:  #1-D: last line of file ends without a newline
..\..\HardWare\bsp_usart1\usart1.h(17): warning:  #1-D: last line of file ends without a newline
..\..\User\bsp_includes\includes.h(46): warning:  #1-D: last line of file ends without a newline
..\..\User\main.c(66): warning:  #1-D: last line of file ends without a newline
linking...
Program Size: Code=10816 RO-data=336 RW-data=144 ZI-data=18632  
FromELF: creating hex file...
"..\..\Output\ISO_Template.axf" - 0 Errors, 8 Warning(s).
Build target 'ISO_Template'
linking...
Program Size: Code=10816 RO-data=336 RW-data=144 ZI-data=18632  
FromELF: creating hex file...
"..\..\Output\ISO_Template.axf" - 0 Errors, 0 Warning(s).
Build target 'ISO_Template'
compiling main.c...
..\..\HardWare\bsp_led\led.h(18): warning:  #1-D: last line of file ends without a newline
..\..\Task\bsp_task_led\task_led.h(17): warning:  #1-D: last line of file ends without a newline
..\..\User\bsp_board\board.h(18): warning:  #1-D: last line of file ends without a newline
..\..\HardWare\bsp_key\key.h(19): warning:  #1-D: last line of file ends without a newline
..\..\Task\bsp_task_key\task_key.h(16): warning:  #1-D: last line of file ends without a newline
..\..\HardWare\bsp_usart1\usart1.h(17): warning:  #1-D: last line of file ends without a newline
..\..\User\bsp_includes\includes.h(46): warning:  #1-D: last line of file ends without a newline
..\..\User\main.c(66): warning:  #1-D: last line of file ends without a newline
compiling board.c...
..\..\HardWare\bsp_led\led.h(18): warning:  #1-D: last line of file ends without a newline
..\..\Task\bsp_task_led\task_led.h(17): warning:  #1-D: last line of file ends without a newline
..\..\User\bsp_board\board.h(18): warning:  #1-D: last line of file ends without a newline
..\..\HardWare\bsp_key\key.h(19): warning:  #1-D: last line of file ends without a newline
..\..\Task\bsp_task_key\task_key.h(16): warning:  #1-D: last line of file ends without a newline
..\..\HardWare\bsp_usart1\usart1.h(17): warning:  #1-D: last line of file ends without a newline
..\..\User\bsp_includes\includes.h(46): warning:  #1-D: last line of file ends without a newline
..\..\User\bsp_board\board.c(26): warning:  #1-D: last line of file ends without a newline
compiling croutine.c...
compiling event_groups.c...
compiling list.c...
compiling queue.c...
compiling tasks.c...
compiling timers.c...
compiling heap_4.c...
compiling port.c...
compiling led.c...
..\..\HardWare\bsp_led\led.h(18): warning:  #1-D: last line of file ends without a newline
..\..\Task\bsp_task_led\task_led.h(17): warning:  #1-D: last line of file ends without a newline
..\..\User\bsp_board\board.h(18): warning:  #1-D: last line of file ends without a newline
..\..\HardWare\bsp_key\key.h(19): warning:  #1-D: last line of file ends without a newline
..\..\Task\bsp_task_key\task_key.h(16): warning:  #1-D: last line of file ends without a newline
..\..\HardWare\bsp_usart1\usart1.h(17): warning:  #1-D: last line of file ends without a newline
..\..\User\bsp_includes\includes.h(46): warning:  #1-D: last line of file ends without a newline
..\..\HardWare\bsp_led\led.c(35): warning:  #1-D: last line of file ends without a newline
compiling key.c...
..\..\HardWare\bsp_led\led.h(18): warning:  #1-D: last line of file ends without a newline
..\..\Task\bsp_task_led\task_led.h(17): warning:  #1-D: last line of file ends without a newline
..\..\User\bsp_board\board.h(18): warning:  #1-D: last line of file ends without a newline
..\..\HardWare\bsp_key\key.h(19): warning:  #1-D: last line of file ends without a newline
..\..\Task\bsp_task_key\task_key.h(16): warning:  #1-D: last line of file ends without a newline
..\..\HardWare\bsp_usart1\usart1.h(17): warning:  #1-D: last line of file ends without a newline
..\..\User\bsp_includes\includes.h(46): warning:  #1-D: last line of file ends without a newline
..\..\HardWare\bsp_key\key.c(51): warning:  #940-D: missing return statement at end of non-void function "Key1_Scan"
..\..\HardWare\bsp_key\key.c(70): warning:  #1-D: last line of file ends without a newline
..\..\HardWare\bsp_key\key.c(70): warning:  #940-D: missing return statement at end of non-void function "Key2_Scan"
compiling usart1.c...
..\..\HardWare\bsp_led\led.h(18): warning:  #1-D: last line of file ends without a newline
..\..\Task\bsp_task_led\task_led.h(17): warning:  #1-D: last line of file ends without a newline
..\..\User\bsp_board\board.h(18): warning:  #1-D: last line of file ends without a newline
..\..\HardWare\bsp_key\key.h(19): warning:  #1-D: last line of file ends without a newline
..\..\Task\bsp_task_key\task_key.h(16): warning:  #1-D: last line of file ends without a newline
..\..\HardWare\bsp_usart1\usart1.h(17): warning:  #1-D: last line of file ends without a newline
..\..\User\bsp_includes\includes.h(46): warning:  #1-D: last line of file ends without a newline
..\..\HardWare\bsp_usart1\usart1.c(51): warning:  #1-D: last line of file ends without a newline
compiling task_led.c...
..\..\HardWare\bsp_led\led.h(18): warning:  #1-D: last line of file ends without a newline
..\..\Task\bsp_task_led\task_led.h(17): warning:  #1-D: last line of file ends without a newline
..\..\User\bsp_board\board.h(18): warning:  #1-D: last line of file ends without a newline
..\..\HardWare\bsp_key\key.h(19): warning:  #1-D: last line of file ends without a newline
..\..\Task\bsp_task_key\task_key.h(16): warning:  #1-D: last line of file ends without a newline
..\..\HardWare\bsp_usart1\usart1.h(17): warning:  #1-D: last line of file ends without a newline
..\..\User\bsp_includes\includes.h(46): warning:  #1-D: last line of file ends without a newline
..\..\Task\bsp_task_led\task_led.c(66): warning:  #1-D: last line of file ends without a newline
compiling task_key.c...
..\..\HardWare\bsp_led\led.h(18): warning:  #1-D: last line of file ends without a newline
..\..\Task\bsp_task_led\task_led.h(17): warning:  #1-D: last line of file ends without a newline
..\..\User\bsp_board\board.h(18): warning:  #1-D: last line of file ends without a newline
..\..\HardWare\bsp_key\key.h(19): warning:  #1-D: last line of file ends without a newline
..\..\Task\bsp_task_key\task_key.h(16): warning:  #1-D: last line of file ends without a newline
..\..\HardWare\bsp_usart1\usart1.h(17): warning:  #1-D: last line of file ends without a newline
..\..\User\bsp_includes\includes.h(46): warning:  #1-D: last line of file ends without a newline
..\..\Task\bsp_task_key\task_key.c(50): warning:  #1-D: last line of file ends without a newline
linking...
Program Size: Code=10872 RO-data=336 RW-data=144 ZI-data=18632  
FromELF: creating hex file...
"..\..\Output\ISO_Template.axf" - 0 Errors, 58 Warning(s).
Build target 'ISO_Template'
linking...
Program Size: Code=10872 RO-data=336 RW-data=144 ZI-data=18632  
FromELF: creating hex file...
"..\..\Output\ISO_Template.axf" - 0 Errors, 0 Warning(s).
Build target 'ISO_Template'
compiling main.c...
..\..\HardWare\bsp_led\led.h(18): warning:  #1-D: last line of file ends without a newline
..\..\Task\bsp_task_led\task_led.h(17): warning:  #1-D: last line of file ends without a newline
..\..\User\bsp_board\board.h(18): warning:  #1-D: last line of file ends without a newline
..\..\HardWare\bsp_key\key.h(19): warning:  #1-D: last line of file ends without a newline
..\..\Task\bsp_task_key\task_key.h(18): warning:  #1-D: last line of file ends without a newline
..\..\HardWare\bsp_usart1\usart1.h(17): warning:  #1-D: last line of file ends without a newline
..\..\User\bsp_includes\includes.h(46): warning:  #1-D: last line of file ends without a newline
..\..\User\main.c(66): warning:  #1-D: last line of file ends without a newline
compiling board.c...
..\..\HardWare\bsp_led\led.h(18): warning:  #1-D: last line of file ends without a newline
..\..\Task\bsp_task_led\task_led.h(17): warning:  #1-D: last line of file ends without a newline
..\..\User\bsp_board\board.h(18): warning:  #1-D: last line of file ends without a newline
..\..\HardWare\bsp_key\key.h(19): warning:  #1-D: last line of file ends without a newline
..\..\Task\bsp_task_key\task_key.h(18): warning:  #1-D: last line of file ends without a newline
..\..\HardWare\bsp_usart1\usart1.h(17): warning:  #1-D: last line of file ends without a newline
..\..\User\bsp_includes\includes.h(46): warning:  #1-D: last line of file ends without a newline
..\..\User\bsp_board\board.c(26): warning:  #1-D: last line of file ends without a newline
compiling led.c...
..\..\HardWare\bsp_led\led.h(18): warning:  #1-D: last line of file ends without a newline
..\..\Task\bsp_task_led\task_led.h(17): warning:  #1-D: last line of file ends without a newline
..\..\User\bsp_board\board.h(18): warning:  #1-D: last line of file ends without a newline
..\..\HardWare\bsp_key\key.h(19): warning:  #1-D: last line of file ends without a newline
..\..\Task\bsp_task_key\task_key.h(18): warning:  #1-D: last line of file ends without a newline
..\..\HardWare\bsp_usart1\usart1.h(17): warning:  #1-D: last line of file ends without a newline
..\..\User\bsp_includes\includes.h(46): warning:  #1-D: last line of file ends without a newline
..\..\HardWare\bsp_led\led.c(35): warning:  #1-D: last line of file ends without a newline
compiling key.c...
..\..\HardWare\bsp_led\led.h(18): warning:  #1-D: last line of file ends without a newline
..\..\Task\bsp_task_led\task_led.h(17): warning:  #1-D: last line of file ends without a newline
..\..\User\bsp_board\board.h(18): warning:  #1-D: last line of file ends without a newline
..\..\HardWare\bsp_key\key.h(19): warning:  #1-D: last line of file ends without a newline
..\..\Task\bsp_task_key\task_key.h(18): warning:  #1-D: last line of file ends without a newline
..\..\HardWare\bsp_usart1\usart1.h(17): warning:  #1-D: last line of file ends without a newline
..\..\User\bsp_includes\includes.h(46): warning:  #1-D: last line of file ends without a newline
..\..\HardWare\bsp_key\key.c(51): warning:  #940-D: missing return statement at end of non-void function "Key1_Scan"
..\..\HardWare\bsp_key\key.c(70): warning:  #1-D: last line of file ends without a newline
..\..\HardWare\bsp_key\key.c(70): warning:  #940-D: missing return statement at end of non-void function "Key2_Scan"
compiling usart1.c...
..\..\HardWare\bsp_led\led.h(18): warning:  #1-D: last line of file ends without a newline
..\..\Task\bsp_task_led\task_led.h(17): warning:  #1-D: last line of file ends without a newline
..\..\User\bsp_board\board.h(18): warning:  #1-D: last line of file ends without a newline
..\..\HardWare\bsp_key\key.h(19): warning:  #1-D: last line of file ends without a newline
..\..\Task\bsp_task_key\task_key.h(18): warning:  #1-D: last line of file ends without a newline
..\..\HardWare\bsp_usart1\usart1.h(17): warning:  #1-D: last line of file ends without a newline
..\..\User\bsp_includes\includes.h(46): warning:  #1-D: last line of file ends without a newline
..\..\HardWare\bsp_usart1\usart1.c(51): warning:  #1-D: last line of file ends without a newline
compiling task_led.c...
..\..\HardWare\bsp_led\led.h(18): warning:  #1-D: last line of file ends without a newline
..\..\Task\bsp_task_led\task_led.h(17): warning:  #1-D: last line of file ends without a newline
..\..\User\bsp_board\board.h(18): warning:  #1-D: last line of file ends without a newline
..\..\HardWare\bsp_key\key.h(19): warning:  #1-D: last line of file ends without a newline
..\..\Task\bsp_task_key\task_key.h(18): warning:  #1-D: last line of file ends without a newline
..\..\HardWare\bsp_usart1\usart1.h(17): warning:  #1-D: last line of file ends without a newline
..\..\User\bsp_includes\includes.h(46): warning:  #1-D: last line of file ends without a newline
..\..\Task\bsp_task_led\task_led.c(66): warning:  #1-D: last line of file ends without a newline
compiling task_key.c...
..\..\HardWare\bsp_led\led.h(18): warning:  #1-D: last line of file ends without a newline
..\..\Task\bsp_task_led\task_led.h(17): warning:  #1-D: last line of file ends without a newline
..\..\User\bsp_board\board.h(18): warning:  #1-D: last line of file ends without a newline
..\..\HardWare\bsp_key\key.h(19): warning:  #1-D: last line of file ends without a newline
..\..\Task\bsp_task_key\task_key.h(18): warning:  #1-D: last line of file ends without a newline
..\..\HardWare\bsp_usart1\usart1.h(17): warning:  #1-D: last line of file ends without a newline
..\..\User\bsp_includes\includes.h(46): warning:  #1-D: last line of file ends without a newline
..\..\Task\bsp_task_key\task_key.c(49): warning:  #550-D: variable "buf" was set but never used
..\..\Task\bsp_task_key\task_key.c(68): warning:  #1-D: last line of file ends without a newline
..\..\Task\bsp_task_key\task_key.c(46): warning:  #177-D: function "StackOverFlowTest" was declared but never referenced
linking...
Program Size: Code=10912 RO-data=336 RW-data=144 ZI-data=18632  
FromELF: creating hex file...
"..\..\Output\ISO_Template.axf" - 0 Errors, 60 Warning(s).
Build target 'ISO_Template'
linking...
Program Size: Code=10912 RO-data=336 RW-data=144 ZI-data=18632  
FromELF: creating hex file...
"..\..\Output\ISO_Template.axf" - 0 Errors, 0 Warning(s).
Build target 'ISO_Template'
linking...
Program Size: Code=10912 RO-data=336 RW-data=144 ZI-data=18632  
FromELF: creating hex file...
"..\..\Output\ISO_Template.axf" - 0 Errors, 0 Warning(s).
Build target 'ISO_Template'
linking...
Program Size: Code=10912 RO-data=336 RW-data=144 ZI-data=18632  
FromELF: creating hex file...
"..\..\Output\ISO_Template.axf" - 0 Errors, 0 Warning(s).
Build target 'ISO_Template'
linking...
Program Size: Code=10912 RO-data=336 RW-data=144 ZI-data=18632  
FromELF: creating hex file...
"..\..\Output\ISO_Template.axf" - 0 Errors, 0 Warning(s).
Build target 'ISO_Template'
compiling task_key.c...
..\..\HardWare\bsp_led\led.h(18): warning:  #1-D: last line of file ends without a newline
..\..\Task\bsp_task_led\task_led.h(17): warning:  #1-D: last line of file ends without a newline
..\..\User\bsp_board\board.h(18): warning:  #1-D: last line of file ends without a newline
..\..\HardWare\bsp_key\key.h(19): warning:  #1-D: last line of file ends without a newline
..\..\Task\bsp_task_key\task_key.h(18): warning:  #1-D: last line of file ends without a newline
..\..\HardWare\bsp_usart1\usart1.h(17): warning:  #1-D: last line of file ends without a newline
..\..\User\bsp_includes\includes.h(46): warning:  #1-D: last line of file ends without a newline
..\..\Task\bsp_task_key\task_key.c(50): warning:  #550-D: variable "buf" was set but never used
..\..\Task\bsp_task_key\task_key.c(69): warning:  #1-D: last line of file ends without a newline
linking...
Program Size: Code=10956 RO-data=336 RW-data=144 ZI-data=18632  
FromELF: creating hex file...
"..\..\Output\ISO_Template.axf" - 0 Errors, 9 Warning(s).
Build target 'ISO_Template'
linking...
Program Size: Code=10956 RO-data=336 RW-data=144 ZI-data=18632  
FromELF: creating hex file...
"..\..\Output\ISO_Template.axf" - 0 Errors, 0 Warning(s).
Build target 'ISO_Template'
linking...
Program Size: Code=10956 RO-data=336 RW-data=144 ZI-data=18632  
FromELF: creating hex file...
"..\..\Output\ISO_Template.axf" - 0 Errors, 0 Warning(s).
Build target 'ISO_Template'
linking...
Program Size: Code=10956 RO-data=336 RW-data=144 ZI-data=18632  
FromELF: creating hex file...
"..\..\Output\ISO_Template.axf" - 0 Errors, 0 Warning(s).
Build target 'ISO_Template'
linking...
Program Size: Code=10956 RO-data=336 RW-data=144 ZI-data=18632  
FromELF: creating hex file...
"..\..\Output\ISO_Template.axf" - 0 Errors, 0 Warning(s).
Build target 'ISO_Template'
linking...
Program Size: Code=10956 RO-data=336 RW-data=144 ZI-data=18632  
FromELF: creating hex file...
"..\..\Output\ISO_Template.axf" - 0 Errors, 0 Warning(s).
Build target 'ISO_Template'
linking...
Program Size: Code=10956 RO-data=336 RW-data=144 ZI-data=18632  
FromELF: creating hex file...
"..\..\Output\ISO_Template.axf" - 0 Errors, 0 Warning(s).
Build target 'ISO_Template'
compiling main.c...
..\..\HardWare\bsp_led\led.h(18): warning:  #1-D: last line of file ends without a newline
..\..\Task\bsp_task_led\task_led.h(17): warning:  #1-D: last line of file ends without a newline
..\..\User\bsp_board\board.h(18): warning:  #1-D: last line of file ends without a newline
..\..\HardWare\bsp_key\key.h(19): warning:  #1-D: last line of file ends without a newline
..\..\Task\bsp_task_key\task_key.h(18): warning:  #1-D: last line of file ends without a newline
..\..\HardWare\bsp_usart1\usart1.h(17): warning:  #1-D: last line of file ends without a newline
..\..\User\bsp_includes\includes.h(46): warning:  #1-D: last line of file ends without a newline
..\..\User\main.c(66): warning:  #1-D: last line of file ends without a newline
linking...
Program Size: Code=10956 RO-data=336 RW-data=144 ZI-data=18632  
FromELF: creating hex file...
"..\..\Output\ISO_Template.axf" - 0 Errors, 8 Warning(s).
Build target 'ISO_Template'
linking...
Program Size: Code=10956 RO-data=336 RW-data=144 ZI-data=18632  
FromELF: creating hex file...
"..\..\Output\ISO_Template.axf" - 0 Errors, 0 Warning(s).
